Archive member included to satisfy reference by file (symbol)

ym/microbit/source/microbit.a(MicroBit.cpp.obj)
                              source/CMakeFiles/microbit-samples.dir/home/damien/Documents/Ecole/s7/projet-transverse/data-center/rf2/source/main.cpp.obj (MicroBit::MicroBit())
ym/microbit-dal/source/microbit-dal.a(MicroBitDevice.cpp.obj)
                              ym/microbit/source/microbit.a(MicroBit.cpp.obj) (microbit_serial_number())
ym/microbit-dal/source/microbit-dal.a(MicroBitFiber.cpp.obj)
                              ym/microbit/source/microbit.a(MicroBit.cpp.obj) (scheduler_init(EventModel&))
ym/microbit-dal/source/microbit-dal.a(MicroBitFont.cpp.obj)
                              ym/microbit-dal/source/microbit-dal.a(MicroBitDevice.cpp.obj) (MicroBitFont::defaultFont)
ym/microbit-dal/source/microbit-dal.a(MicroBitHeapAllocator.cpp.obj)
                              ym/microbit/source/microbit.a(MicroBit.cpp.obj) (microbit_create_heap(unsigned long, unsigned long))
ym/microbit-dal/source/microbit-dal.a(MicroBitListener.cpp.obj)
                              source/CMakeFiles/microbit-samples.dir/home/damien/Documents/Ecole/s7/projet-transverse/data-center/rf2/source/main.cpp.obj (MicroBitListener::MicroBitListener(unsigned short, unsigned short, void (*)(MicroBitEvent), unsigned short))
ym/microbit-dal/source/microbit-dal.a(MicroBitSystemTimer.cpp.obj)
                              ym/microbit-dal/source/microbit-dal.a(MicroBitFiber.cpp.obj) (system_timer_current_time())
ym/microbit-dal/source/microbit-dal.a(ManagedString.cpp.obj)
                              source/CMakeFiles/microbit-samples.dir/home/damien/Documents/Ecole/s7/projet-transverse/data-center/rf2/source/main.cpp.obj (ManagedString::~ManagedString())
ym/microbit-dal/source/microbit-dal.a(MicroBitEvent.cpp.obj)
                              ym/microbit/source/microbit.a(MicroBit.cpp.obj) (MicroBitEvent::MicroBitEvent())
ym/microbit-dal/source/microbit-dal.a(MicroBitImage.cpp.obj)
                              ym/microbit/source/microbit.a(MicroBit.cpp.obj) (MicroBitImage::setPixelValue(short, short, unsigned char))
ym/microbit-dal/source/microbit-dal.a(PacketBuffer.cpp.obj)
                              source/CMakeFiles/microbit-samples.dir/home/damien/Documents/Ecole/s7/projet-transverse/data-center/rf2/source/main.cpp.obj (PacketBuffer::~PacketBuffer())
ym/microbit-dal/source/microbit-dal.a(RefCounted.cpp.obj)
                              ym/microbit-dal/source/microbit-dal.a(ManagedString.cpp.obj) (RefCounted::init())
ym/microbit-dal/source/microbit-dal.a(MicroBitAccelerometer.cpp.obj)
                              ym/microbit/source/microbit.a(MicroBit.cpp.obj) (MicroBitAccelerometer::autoDetect(MicroBitI2C&))
ym/microbit-dal/source/microbit-dal.a(MicroBitButton.cpp.obj)
                              source/CMakeFiles/microbit-samples.dir/home/damien/Documents/Ecole/s7/projet-transverse/data-center/rf2/source/main.cpp.obj (MicroBitButton::~MicroBitButton())
ym/microbit-dal/source/microbit-dal.a(MicroBitCompass.cpp.obj)
                              ym/microbit/source/microbit.a(MicroBit.cpp.obj) (MicroBitCompass::autoDetect(MicroBitI2C&))
ym/microbit-dal/source/microbit-dal.a(MicroBitCompassCalibrator.cpp.obj)
                              ym/microbit/source/microbit.a(MicroBit.cpp.obj) (MicroBitCompassCalibrator::MicroBitCompassCalibrator(MicroBitCompass&, MicroBitAccelerometer&, MicroBitDisplay&, MicroBitStorage&))
ym/microbit-dal/source/microbit-dal.a(MicroBitDisplay.cpp.obj)
                              source/CMakeFiles/microbit-samples.dir/home/damien/Documents/Ecole/s7/projet-transverse/data-center/rf2/source/main.cpp.obj (MicroBitDisplay::~MicroBitDisplay())
ym/microbit-dal/source/microbit-dal.a(MicroBitI2C.cpp.obj)
                              source/CMakeFiles/microbit-samples.dir/home/damien/Documents/Ecole/s7/projet-transverse/data-center/rf2/source/main.cpp.obj (MicroBitI2C::MicroBitI2C(PinName, PinName))
ym/microbit-dal/source/microbit-dal.a(MicroBitIO.cpp.obj)
                              ym/microbit/source/microbit.a(MicroBit.cpp.obj) (MicroBitIO::MicroBitIO(int, int, int, int, int, int, int, int, int, int, int, int, int, int, int, int, int, int, int))
ym/microbit-dal/source/microbit-dal.a(MicroBitLightSensor.cpp.obj)
                              ym/microbit-dal/source/microbit-dal.a(MicroBitDisplay.cpp.obj) (MicroBitLightSensor::read())
ym/microbit-dal/source/microbit-dal.a(MicroBitMessageBus.cpp.obj)
                              source/CMakeFiles/microbit-samples.dir/home/damien/Documents/Ecole/s7/projet-transverse/data-center/rf2/source/main.cpp.obj (MicroBitMessageBus::add(MicroBitListener*))
ym/microbit-dal/source/microbit-dal.a(MicroBitMultiButton.cpp.obj)
                              ym/microbit/source/microbit.a(MicroBit.cpp.obj) (MicroBitMultiButton::MicroBitMultiButton(unsigned short, unsigned short, unsigned short))
ym/microbit-dal/source/microbit-dal.a(MicroBitPin.cpp.obj)
[...]
Memory Configuration

Name             Origin             Length             Attributes
FLASH            0x0000000000018000 0x0000000000028000 xr
RAM              0x0000000020002000 0x0000000000002000 xrw
*default*        0x0000000000000000 0xffffffffffffffff

Linker script and memory map

LOAD /usr/lib/gcc/arm-none-eabi/10.3.1/thumb/v6-m/nofp/crti.o
LOAD /usr/lib/gcc/arm-none-eabi/10.3.1/thumb/v6-m/nofp/crtbegin.o
LOAD /usr/lib/gcc/arm-none-eabi/10.3.1/../../../arm-none-eabi/lib/thumb/v6-m/nofp/crt0.o
START GROUP
LOAD source/CMakeFiles/microbit-samples.dir/home/damien/Documents/Ecole/s7/projet-transverse/data-center/rf2/source/main.cpp.obj
LOAD ym/microbit/source/microbit.a
LOAD ym/microbit-dal/source/microbit-dal.a
LOAD ym/ble/source/ble.a
LOAD ym/ble-nrf51822/source/ble-nrf51822.a
LOAD ym/ble/source/ble.a
LOAD ym/ble-nrf51822/source/ble-nrf51822.a
LOAD ym/nrf51-sdk/source/nrf51-sdk.a
LOAD ym/mbed-classic/existing/mbed-classic.a
LOAD /usr/lib/gcc/arm-none-eabi/10.3.1/../../../arm-none-eabi/lib/thumb/v6-m/nofp/libnosys.a
LOAD /usr/lib/gcc/arm-none-eabi/10.3.1/../../../arm-none-eabi/lib/thumb/v6-m/nofp/libstdc++_nano.a
LOAD /usr/lib/gcc/arm-none-eabi/10.3.1/../../../arm-none-eabi/lib/thumb/v6-m/nofp/libsupc++_nano.a
LOAD /usr/lib/gcc/arm-none-eabi/10.3.1/thumb/v6-m/nofp/libgcc.a
LOAD /usr/lib/gcc/arm-none-eabi/10.3.1/../../../arm-none-eabi/lib/thumb/v6-m/nofp/libstdc++_nano.a
LOAD /usr/lib/gcc/arm-none-eabi/10.3.1/../../../arm-none-eabi/lib/thumb/v6-m/nofp/libsupc++_nano.a
LOAD /usr/lib/gcc/arm-none-eabi/10.3.1/../../../arm-none-eabi/lib/thumb/v6-m/nofp/libm.a
LOAD /usr/lib/gcc/arm-none-eabi/10.3.1/../../../arm-none-eabi/lib/thumb/v6-m/nofp/libc_nano.a
LOAD /usr/lib/gcc/arm-none-eabi/10.3.1/thumb/v6-m/nofp/libgcc.a
END GROUP
LOAD /usr/lib/gcc/arm-none-eabi/10.3.1/../../../arm-none-eabi/lib/thumb/v6-m/nofp/libstdc++_nano.a
LOAD /usr/lib/gcc/arm-none-eabi/10.3.1/../../../arm-none-eabi/lib/thumb/v6-m/nofp/libm.a
LOAD /usr/lib/gcc/arm-none-eabi/10.3.1/../../../arm-none-eabi/lib/thumb/v6-m/nofp/libc_nano.a
START GROUP
LOAD /usr/lib/gcc/arm-none-eabi/10.3.1/thumb/v6-m/nofp/libgcc.a
LOAD /usr/lib/gcc/arm-none-eabi/10.3.1/../../../arm-none-eabi/lib/thumb/v6-m/nofp/libc_nano.a
END GROUP
START GROUP
LOAD /usr/lib/gcc/arm-none-eabi/10.3.1/thumb/v6-m/nofp/libgcc.a
LOAD /usr/lib/gcc/arm-none-eabi/10.3.1/../../../arm-none-eabi/lib/thumb/v6-m/nofp/libc_nano.a
END GROUP
LOAD /usr/lib/gcc/arm-none-eabi/10.3.1/thumb/v6-m/nofp/crtend.o
LOAD /usr/lib/gcc/arm-none-eabi/10.3.1/thumb/v6-m/nofp/crtn.o

.text           0x0000000000018000    0x10088
 *(SORT_BY_ALIGNMENT(.Vectors))
 .Vectors       0x0000000000018000       0xc0 ym/mbed-classic/existing/mbed-classic.a(startup_NRF51822.S.obj)
                0x0000000000018000                __Vectors
 *(SORT_BY_ALIGNMENT(.text*))
 .text          0x00000000000180c0       0x98 /usr/lib/gcc/arm-none-eabi/10.3.1/thumb/v6-m/nofp/crtbegin.o
 .text          0x0000000000018158       0x74 /usr/lib/gcc/arm-none-eabi/10.3.1/../../../arm-none-eabi/lib/thumb/v6-m/nofp/crt0.o
                0x0000000000018158                _stack_init
                0x0000000000018164                _mainCRTStartup
                0x0000000000018164                _start
 .text._ZN14MicroBitSerialD2Ev
                0x00000000000181cc       0x18 source/CMakeFiles/microbit-samples.dir/home/damien/Documents/Ecole/s7/projet-transverse/data-center/rf2/source/main.cpp.obj
                0x00000000000181cc                MicroBitSerial::~MicroBitSerial()
                0x00000000000181cc                MicroBitSerial::~MicroBitSerial()
 .text._Z9decode_RF13ManagedString
                0x00000000000181e4       0x30 source/CMakeFiles/microbit-samples.dir/home/damien/Documents/Ecole/s7/projet-transverse/data-center/rf2/source/main.cpp.obj
                0x00000000000181e4                decode_RF(ManagedString)
 .text._Z7send_RF13ManagedString
                0x0000000000018214       0x20 source/CMakeFiles/microbit-samples.dir/home/damien/Documents/Ecole/s7/projet-transverse/data-center/rf2/source/main.cpp.obj
                0x0000000000018214                send_RF(ManagedString)
 .text._Z10check_dmst13ManagedString
                0x0000000000018234       0x2c source/CMakeFiles/microbit-samples.dir/home/damien/Documents/Ecole/s7/projet-transverse/data-center/rf2/source/main.cpp.obj
                0x0000000000018234                check_dmst(ManagedString)
 .text._Z6onData13MicroBitEvent
                0x0000000000018260       0x74 source/CMakeFiles/microbit-samples.dir/home/damien/Documents/Ecole/s7/projet-transverse/data-center/rf2/source/main.cpp.obj
                0x0000000000018260                onData(MicroBitEvent)
 .text.startup._GLOBAL__sub_I_CODE
                0x00000000000182d4       0x94 source/CMakeFiles/microbit-samples.dir/home/damien/Documents/Ecole/s7/projet-transverse/data-center/rf2/source/main.cpp.obj
 .text._ZN8MicroBitD2Ev
                0x0000000000018368       0x58 source/CMakeFiles/microbit-samples.dir/home/damien/Documents/Ecole/s7/projet-transverse/data-center/rf2/source/main.cpp.obj
                0x0000000000018368                MicroBit::~MicroBit()
                0x0000000000018368                MicroBit::~MicroBit()
 .text.startup.main
                0x00000000000183c0      0x108 source/CMakeFiles/microbit-samples.dir/home/damien/Documents/Ecole/s7/projet-transverse/data-center/rf2/source/main.cpp.obj
                0x00000000000183c0                main
 .text._ZN8MicroBitC2Ev
                0x00000000000184c8      0x16c ym/microbit/source/microbit.a(MicroBit.cpp.obj)
                0x00000000000184c8                MicroBit::MicroBit()
                0x00000000000184c8                MicroBit::MicroBit()
 .text._ZN8MicroBit4initEv
                0x0000000000018634      0x204 ym/microbit/source/microbit.a(MicroBit.cpp.obj)
                0x0000000000018634                MicroBit::init()
 .text.NVIC_SystemReset
                0x0000000000018838       0x18 ym/microbit-dal/source/microbit-dal.a(MicroBitDevice.cpp.obj)
 .text._Z22microbit_friendly_namev
                0x0000000000018850       0x6c ym/microbit-dal/source/microbit-dal.a(MicroBitDevice.cpp.obj)
                0x0000000000018850                microbit_friendly_name()
 .text._Z14microbit_panici
                0x00000000000188bc      0x154 ym/microbit-dal/source/microbit-dal.a(MicroBitDevice.cpp.obj)
                0x00000000000188bc                microbit_panic(int)
 .text._Z20microbit_seed_randomv
                0x0000000000018a10       0x60 ym/microbit-dal/source/microbit-dal.a(MicroBitDevice.cpp.obj)
                0x0000000000018a10                microbit_seed_random()
 .text._Z14scheduler_tickv
                0x0000000000018a70       0x38 ym/microbit-dal/source/microbit-dal.a(MicroBitFiber.cpp.obj)
                0x0000000000018a70                scheduler_tick()
 .text._Z15scheduler_event13MicroBitEvent
                0x0000000000018aa8       0xcc ym/microbit-dal/source/microbit-dal.a(MicroBitFiber.cpp.obj)
                0x0000000000018aa8                scheduler_event(MicroBitEvent)
 .text._Z15getFiberContextv
                0x0000000000018b74       0x4c ym/microbit-dal/source/microbit-dal.a(MicroBitFiber.cpp.obj)
                0x0000000000018b74                getFiberContext()
 .text._ZL10handle_fobv
                0x0000000000018bc0       0x28 ym/microbit-dal/source/microbit-dal.a(MicroBitFiber.cpp.obj)
 .text._Z14scheduler_initR10EventModel
                0x0000000000018be8       0xac ym/microbit-dal/source/microbit-dal.a(MicroBitFiber.cpp.obj)
                0x0000000000018be8                scheduler_init(EventModel&)
 .text._Z23fiber_scheduler_runningv
                0x0000000000018c94       0x10 ym/microbit-dal/source/microbit-dal.a(MicroBitFiber.cpp.obj)
                0x0000000000018c94                fiber_scheduler_running()
 .text._Z19fiber_wake_on_eventtt
                0x0000000000018ca4       0x68 ym/microbit-dal/source/microbit-dal.a(MicroBitFiber.cpp.obj)
                0x0000000000018ca4                fiber_wake_on_event(unsigned short, unsigned short)
 .text._Z14__create_fibermmmi
                0x0000000000018d0c       0x50 ym/microbit-dal/source/microbit-dal.a(MicroBitFiber.cpp.obj)
                0x0000000000018d0c                __create_fiber(unsigned long, unsigned long, unsigned long, int)
 .text._Z12create_fiberPFvPvES_S1_
                0x0000000000018d5c       0x24 ym/microbit-dal/source/microbit-dal.a(MicroBitFiber.cpp.obj)
                0x0000000000018d5c                create_fiber(void (*)(void*), void*, void (*)(void*))
 .text._Z17verify_stack_sizeP5Fiber
                0x0000000000018d80       0x3c ym/microbit-dal/source/microbit-dal.a(MicroBitFiber.cpp.obj)
                0x0000000000018d80                verify_stack_size(Fiber*)
 .text._Z24scheduler_runqueue_emptyv
                0x0000000000018dbc       0x10 ym/microbit-dal/source/microbit-dal.a(MicroBitFiber.cpp.obj)
                0x0000000000018dbc                scheduler_runqueue_empty()
 .text._Z24fiber_add_idle_componentP17MicroBitComponent
                0x0000000000018dcc       0x1c ym/microbit-dal/source/microbit-dal.a(MicroBitFiber.cpp.obj)
                0x0000000000018dcc                fiber_add_idle_component(MicroBitComponent*)
 .text._Z27fiber_remove_idle_componentP17MicroBitComponent
                0x0000000000018de8       0x1c ym/microbit-dal/source/microbit-dal.a(MicroBitFiber.cpp.obj)
                0x0000000000018de8                fiber_remove_idle_component(MicroBitComponent*)
 .text._Z4idlev
                0x0000000000018e04       0x30 ym/microbit-dal/source/microbit-dal.a(MicroBitFiber.cpp.obj)
                0x0000000000018e04                idle()
 .text._Z8schedulev
                0x0000000000018e34       0xd4 ym/microbit-dal/source/microbit-dal.a(MicroBitFiber.cpp.obj)
                0x0000000000018e34                schedule()
 .text._Z11fiber_sleepm
                0x0000000000018f08       0x3c ym/microbit-dal/source/microbit-dal.a(MicroBitFiber.cpp.obj)
                0x0000000000018f08                fiber_sleep(unsigned long)
 .text._Z13release_fiberv
                0x0000000000018f44       0x80 ym/microbit-dal/source/microbit-dal.a(MicroBitFiber.cpp.obj)
                0x0000000000018f44                release_fiber()
 .text._Z13release_fiberPv
                0x0000000000018fc4       0x14 ym/microbit-dal/source/microbit-dal.a(MicroBitFiber.cpp.obj)
                0x0000000000018fc4                release_fiber(void*)
 .text._Z6invokePFvPvES_
                0x0000000000018fd8       0x90 ym/microbit-dal/source/microbit-dal.a(MicroBitFiber.cpp.obj)
                0x0000000000018fd8                invoke(void (*)(void*), void*)
 .text._ZN12MicroBitFont13getSystemFontEv
                0x0000000000019068       0x10 ym/microbit-dal/source/microbit-dal.a(MicroBitFont.cpp.obj)
                0x0000000000019068                MicroBitFont::getSystemFont()
 .text.startup._GLOBAL__sub_I__ZN12MicroBitFont11defaultFontE
                0x0000000000019078       0x18 ym/microbit-dal/source/microbit-dal.a(MicroBitFont.cpp.obj)
 .text._Z20microbit_create_heapmm
                0x0000000000019090       0x5c ym/microbit-dal/source/microbit-dal.a(MicroBitHeapAllocator.cpp.obj)
                0x0000000000019090                microbit_create_heap(unsigned long, unsigned long)
 .text.microbit_alloc
                0x00000000000190ec       0x68 ym/microbit-dal/source/microbit-dal.a(MicroBitHeapAllocator.cpp.obj)
                0x00000000000190ec                microbit_alloc
                0x00000000000190ec                malloc
 .text.microbit_free
                0x0000000000019154       0x50 ym/microbit-dal/source/microbit-dal.a(MicroBitHeapAllocator.cpp.obj)
                0x0000000000019154                microbit_free
                0x0000000000019154                free
 .text._Z23system_timer_set_periodi
                0x00000000000191a4       0x44 ym/microbit-dal/source/microbit-dal.a(MicroBitSystemTimer.cpp.obj)
                0x00000000000191a4                system_timer_set_period(int)
 .text._Z17system_timer_initi
                0x00000000000191e8       0x54 ym/microbit-dal/source/microbit-dal.a(MicroBitSystemTimer.cpp.obj)
                0x00000000000191e8                system_timer_init(int)
 .text._Z23system_timer_get_periodv
                0x000000000001923c        0xc ym/microbit-dal/source/microbit-dal.a(MicroBitSystemTimer.cpp.obj)
                0x000000000001923c                system_timer_get_period()
 .text._Z11update_timev
                0x0000000000019248       0x44 ym/microbit-dal/source/microbit-dal.a(MicroBitSystemTimer.cpp.obj)
                0x0000000000019248                update_time()
 .text._Z17system_timer_tickv
                0x000000000001928c       0x24 ym/microbit-dal/source/microbit-dal.a(MicroBitSystemTimer.cpp.obj)
                0x000000000001928c                system_timer_tick()
 .text._Z25system_timer_current_timev
                0x00000000000192b0       0x1c ym/microbit-dal/source/microbit-dal.a(MicroBitSystemTimer.cpp.obj)
                0x00000000000192b0                system_timer_current_time()
 .text._Z28system_timer_current_time_usv
                0x00000000000192cc       0x14 ym/microbit-dal/source/microbit-dal.a(MicroBitSystemTimer.cpp.obj)
                0x00000000000192cc                system_timer_current_time_us()
 .text._Z26system_timer_add_componentP17MicroBitComponent
                0x00000000000192e0       0x3c ym/microbit-dal/source/microbit-dal.a(MicroBitSystemTimer.cpp.obj)
                0x00000000000192e0                system_timer_add_component(MicroBitComponent*)
 .text._Z29system_timer_remove_componentP17MicroBitComponent
                0x000000000001931c       0x1c ym/microbit-dal/source/microbit-dal.a(MicroBitSystemTimer.cpp.obj)
                0x000000000001931c                system_timer_remove_component(MicroBitComponent*)
 .text._ZN13ManagedStringC2EPKc
                0x0000000000019338       0x20 ym/microbit-dal/source/microbit-dal.a(ManagedString.cpp.obj)
                0x0000000000019338                ManagedString::ManagedString(char const*)
                0x0000000000019338                ManagedString::ManagedString(char const*)
 .text._ZN13ManagedStringC2E12PacketBuffer
                0x0000000000019358       0x60 ym/microbit-dal/source/microbit-dal.a(ManagedString.cpp.obj)
                0x0000000000019358                ManagedString::ManagedString(PacketBuffer)
                0x0000000000019358                ManagedString::ManagedString(PacketBuffer)
 .text._ZN13ManagedStringC2EPKcs
                0x00000000000193b8       0x54 ym/microbit-dal/source/microbit-dal.a(ManagedString.cpp.obj)
                0x00000000000193b8                ManagedString::ManagedString(char const*, short)
                0x00000000000193b8                ManagedString::ManagedString(char const*, short)
 .text._ZN13ManagedStringC2Ev
                0x000000000001940c        0xc ym/microbit-dal/source/microbit-dal.a(ManagedString.cpp.obj)
                0x000000000001940c                ManagedString::ManagedString()
                0x000000000001940c                ManagedString::ManagedString()
 .text._ZN13ManagedString9substringEss
                0x0000000000019418       0x38 ym/microbit-dal/source/microbit-dal.a(ManagedString.cpp.obj)
                0x0000000000019418                ManagedString::substring(short, short)
 .text.startup._GLOBAL__sub_I__ZN13ManagedString9initEmptyEv
                0x0000000000019450       0x28 ym/microbit-dal/source/microbit-dal.a(ManagedString.cpp.obj)
 .text._ZN13MicroBitEvent4fireEv
                0x0000000000019478       0x28 ym/microbit-dal/source/microbit-dal.a(MicroBitEvent.cpp.obj)
                0x0000000000019478                MicroBitEvent::fire()
 .text._ZN13MicroBitImageC2Ev
                0x00000000000194a0        0xc ym/microbit-dal/source/microbit-dal.a(MicroBitImage.cpp.obj)
                0x00000000000194a0                MicroBitImage::MicroBitImage()
                0x00000000000194a0                MicroBitImage::MicroBitImage()
 .text._ZN13MicroBitImageC2EP9ImageData
                0x00000000000194ac       0x1c ym/microbit-dal/source/microbit-dal.a(MicroBitImage.cpp.obj)
                0x00000000000194ac                MicroBitImage::MicroBitImage(ImageData*)
                0x00000000000194ac                MicroBitImage::MicroBitImage(ImageData*)
 .text._ZN13MicroBitImage13setPixelValueEssh
                0x00000000000194c8       0x2c ym/microbit-dal/source/microbit-dal.a(MicroBitImage.cpp.obj)
                0x00000000000194c8                MicroBitImage::setPixelValue(short, short, unsigned char)
 .text._ZN13MicroBitImage10printImageEssPKh
                0x00000000000194f4       0x60 ym/microbit-dal/source/microbit-dal.a(MicroBitImage.cpp.obj)
                0x00000000000194f4                MicroBitImage::printImage(short, short, unsigned char const*)
 .text._ZN13MicroBitImage4initEssPKh
                0x0000000000019554       0x4c ym/microbit-dal/source/microbit-dal.a(MicroBitImage.cpp.obj)
                0x0000000000019554                MicroBitImage::init(short, short, unsigned char const*)
 .text._ZN13MicroBitImageC2EPKc
                0x00000000000195a0       0xa0 ym/microbit-dal/source/microbit-dal.a(MicroBitImage.cpp.obj)
                0x00000000000195a0                MicroBitImage::MicroBitImage(char const*)
                0x00000000000195a0                MicroBitImage::MicroBitImage(char const*)
 .text._ZN13MicroBitImage5printEcss
                0x0000000000019640       0x8c ym/microbit-dal/source/microbit-dal.a(MicroBitImage.cpp.obj)
                0x0000000000019640                MicroBitImage::print(char, short, short)
 .text._ZN13MicroBitImage9shiftLeftEs
                0x00000000000196cc       0x50 ym/microbit-dal/source/microbit-dal.a(MicroBitImage.cpp.obj)
                0x00000000000196cc                MicroBitImage::shiftLeft(short)
 .text.startup._GLOBAL__sub_I__ZN13MicroBitImage10EmptyImageE
                0x000000000001971c       0x28 ym/microbit-dal/source/microbit-dal.a(MicroBitImage.cpp.obj)
 .text.startup._GLOBAL__sub_I__ZN12PacketBuffer11EmptyPacketE
                0x0000000000019744       0x24 ym/microbit-dal/source/microbit-dal.a(PacketBuffer.cpp.obj)
 .text._ZL16isReadOnlyInlineP10RefCounted.isra.0
                0x0000000000019768       0x24 ym/microbit-dal/source/microbit-dal.a(RefCounted.cpp.obj)
 .text._ZN21MicroBitAccelerometer9configureEv
                0x000000000001978c        0x8 ym/microbit-dal/source/microbit-dal.a(MicroBitAccelerometer.cpp.obj)
                0x000000000001978c                MicroBitAccelerometer::configure()
 .text._ZN21MicroBitAccelerometer13requestUpdateEv
                0x0000000000019794       0x10 ym/microbit-dal/source/microbit-dal.a(MicroBitAccelerometer.cpp.obj)
                0x0000000000019794                MicroBitAccelerometer::requestUpdate()
 .text._ZN21MicroBitAccelerometerC2ER15CoordinateSpacet
                0x00000000000197a4       0x50 ym/microbit-dal/source/microbit-dal.a(MicroBitAccelerometer.cpp.obj)
                0x00000000000197a4                MicroBitAccelerometer::MicroBitAccelerometer(CoordinateSpace&, unsigned short)
                0x00000000000197a4                MicroBitAccelerometer::MicroBitAccelerometer(CoordinateSpace&, unsigned short)
 .text._ZN21MicroBitAccelerometer10autoDetectER11MicroBitI2C
                0x00000000000197f4      0x168 ym/microbit-dal/source/microbit-dal.a(MicroBitAccelerometer.cpp.obj)
                0x00000000000197f4                MicroBitAccelerometer::autoDetect(MicroBitI2C&)
 .text._ZN21MicroBitAccelerometer20instantaneousPostureEv
                0x000000000001995c      0x19c ym/microbit-dal/source/microbit-dal.a(MicroBitAccelerometer.cpp.obj)
                0x000000000001995c                MicroBitAccelerometer::instantaneousPosture()
 .text._ZN14MicroBitButton10systemTickEv
                0x0000000000019af8       0xd8 ym/microbit-dal/source/microbit-dal.a(MicroBitButton.cpp.obj)
                0x0000000000019af8                MicroBitButton::systemTick()
 .text._ZN14MicroBitButtonD2Ev
                0x0000000000019bd0       0x18 ym/microbit-dal/source/microbit-dal.a(MicroBitButton.cpp.obj)
                0x0000000000019bd0                MicroBitButton::~MicroBitButton()
                0x0000000000019bd0                MicroBitButton::~MicroBitButton()
 .text._ZN14MicroBitButtonC2E7PinNamet32MicroBitButtonEventConfiguration7PinMode
                0x0000000000019be8       0x58 ym/microbit-dal/source/microbit-dal.a(MicroBitButton.cpp.obj)
                0x0000000000019be8                MicroBitButton::MicroBitButton(PinName, unsigned short, MicroBitButtonEventConfiguration, PinMode)
                0x0000000000019be8                MicroBitButton::MicroBitButton(PinName, unsigned short, MicroBitButtonEventConfiguration, PinMode)
 .text._ZN15MicroBitCompass9configureEv
                0x0000000000019c40        0x8 ym/microbit-dal/source/microbit-dal.a(MicroBitCompass.cpp.obj)
                0x0000000000019c40                MicroBitCompass::configure()
 .text._ZN15MicroBitCompass13requestUpdateEv
                0x0000000000019c48       0x10 ym/microbit-dal/source/microbit-dal.a(MicroBitCompass.cpp.obj)
                0x0000000000019c48                MicroBitCompass::requestUpdate()
 .text._ZN15MicroBitCompassC2ER15CoordinateSpacet
                0x0000000000019c58       0x44 ym/microbit-dal/source/microbit-dal.a(MicroBitCompass.cpp.obj)
                0x0000000000019c58                MicroBitCompass::MicroBitCompass(CoordinateSpace&, unsigned short)
                0x0000000000019c58                MicroBitCompass::MicroBitCompass(CoordinateSpace&, unsigned short)
 .text._ZN15MicroBitCompass10autoDetectER11MicroBitI2C
                0x0000000000019c9c      0x160 ym/microbit-dal/source/microbit-dal.a(MicroBitCompass.cpp.obj)
                0x0000000000019c9c                MicroBitCompass::autoDetect(MicroBitI2C&)
 .text._ZN10EventModel6listenI25MicroBitCompassCalibratorEEittPT_MS2_Fv13MicroBitEventEt.isra.0
                0x0000000000019dfc       0xa4 ym/microbit-dal/source/microbit-dal.a(MicroBitCompassCalibrator.cpp.obj)
 .text._ZN25MicroBitCompassCalibratorC2ER15MicroBitCompassR21MicroBitAccelerometerR15MicroBitDisplayR15MicroBitStorage
                0x0000000000019ea0       0x80 ym/microbit-dal/source/microbit-dal.a(MicroBitCompassCalibrator.cpp.obj)
                0x0000000000019ea0                MicroBitCompassCalibrator::MicroBitCompassCalibrator(MicroBitCompass&, MicroBitAccelerometer&, MicroBitDisplay&, MicroBitStorage&)
                0x0000000000019ea0                MicroBitCompassCalibrator::MicroBitCompassCalibrator(MicroBitCompass&, MicroBitAccelerometer&, MicroBitDisplay&, MicroBitStorage&)
 .text._ZN25MicroBitCompassCalibrator11calibrateUXE13MicroBitEvent
                0x0000000000019f20      0x298 ym/microbit-dal/source/microbit-dal.a(MicroBitCompassCalibrator.cpp.obj)
                0x0000000000019f20                MicroBitCompassCalibrator::calibrateUX(MicroBitEvent)
 .text._ZN15MicroBitDisplay15renderGreyscaleEv
                0x000000000001a1b8       0xfc ym/microbit-dal/source/microbit-dal.a(MicroBitDisplay.cpp.obj)
                0x000000000001a1b8                MicroBitDisplay::renderGreyscale()
 .text._ZN15MicroBitDisplayD2Ev
                0x000000000001a2b4       0x50 ym/microbit-dal/source/microbit-dal.a(MicroBitDisplay.cpp.obj)
                0x000000000001a2b4                MicroBitDisplay::~MicroBitDisplay()
                0x000000000001a2b4                MicroBitDisplay::~MicroBitDisplay()
 .text._ZN15MicroBitDisplayC2EtRK9MatrixMap
                0x000000000001a304       0xd8 ym/microbit-dal/source/microbit-dal.a(MicroBitDisplay.cpp.obj)
                0x000000000001a304                MicroBitDisplay::MicroBitDisplay(unsigned short, MatrixMap const&)
                0x000000000001a304                MicroBitDisplay::MicroBitDisplay(unsigned short, MatrixMap const&)
 .text._ZN15MicroBitDisplay6renderEv
                0x000000000001a3dc       0xf8 ym/microbit-dal/source/microbit-dal.a(MicroBitDisplay.cpp.obj)
                0x000000000001a3dc                MicroBitDisplay::render()
 .text._ZN15MicroBitDisplay26sendAnimationCompleteEventEv
                0x000000000001a4d4       0x24 ym/microbit-dal/source/microbit-dal.a(MicroBitDisplay.cpp.obj)
                0x000000000001a4d4                MicroBitDisplay::sendAnimationCompleteEvent()
 .text._ZN15MicroBitDisplay13stopAnimationEv
                0x000000000001a4f8       0x38 ym/microbit-dal/source/microbit-dal.a(MicroBitDisplay.cpp.obj)
                0x000000000001a4f8                MicroBitDisplay::stopAnimation()
 .text._ZN15MicroBitDisplay18waitForFreeDisplayEv
                0x000000000001a530       0x24 ym/microbit-dal/source/microbit-dal.a(MicroBitDisplay.cpp.obj)
                0x000000000001a530                MicroBitDisplay::waitForFreeDisplay()
 .text._ZN15MicroBitDisplay9fiberWaitEv
                0x000000000001a554       0x2c ym/microbit-dal/source/microbit-dal.a(MicroBitDisplay.cpp.obj)
                0x000000000001a554                MicroBitDisplay::fiberWait()
 .text._ZN15MicroBitDisplay10printAsyncE13MicroBitImageiiii
                0x000000000001a580       0x54 ym/microbit-dal/source/microbit-dal.a(MicroBitDisplay.cpp.obj)
                0x000000000001a580                MicroBitDisplay::printAsync(MicroBitImage, int, int, int, int)
 .text._ZN15MicroBitDisplay5printE13MicroBitImageiiii
                0x000000000001a5d4       0x68 ym/microbit-dal/source/microbit-dal.a(MicroBitDisplay.cpp.obj)
                0x000000000001a5d4                MicroBitDisplay::print(MicroBitImage, int, int, int, int)
 .text._ZN15MicroBitDisplay11scrollAsyncE13ManagedStringi
                0x000000000001a63c       0x54 ym/microbit-dal/source/microbit-dal.a(MicroBitDisplay.cpp.obj)
                0x000000000001a63c                MicroBitDisplay::scrollAsync(ManagedString, int)
 .text._ZN15MicroBitDisplay12animateAsyncE13MicroBitImageiiii
                0x000000000001a690       0x74 ym/microbit-dal/source/microbit-dal.a(MicroBitDisplay.cpp.obj)
                0x000000000001a690                MicroBitDisplay::animateAsync(MicroBitImage, int, int, int, int)
 .text._ZN15MicroBitDisplay7animateE13MicroBitImageiiii
                0x000000000001a704       0x60 ym/microbit-dal/source/microbit-dal.a(MicroBitDisplay.cpp.obj)
                0x000000000001a704                MicroBitDisplay::animate(MicroBitImage, int, int, int, int)
 .text._ZN15MicroBitDisplay13setBrightnessEi
                0x000000000001a764       0x14 ym/microbit-dal/source/microbit-dal.a(MicroBitDisplay.cpp.obj)
                0x000000000001a764                MicroBitDisplay::setBrightness(int)
 .text._ZN11MicroBitI2C4readEiPcib
                0x000000000001a778       0x20 ym/microbit-dal/source/microbit-dal.a(MicroBitI2C.cpp.obj)
                0x000000000001a778                MicroBitI2C::read(int, char*, int, bool)
 .text._ZN11MicroBitI2C5writeEiPKcib
                0x000000000001a798       0x20 ym/microbit-dal/source/microbit-dal.a(MicroBitI2C.cpp.obj)
                0x000000000001a798                MicroBitI2C::write(int, char const*, int, bool)
 .text._ZN11MicroBitI2C12readRegisterEhhPhi
                0x000000000001a7b8       0x4c ym/microbit-dal/source/microbit-dal.a(MicroBitI2C.cpp.obj)
                0x000000000001a7b8                MicroBitI2C::readRegister(unsigned char, unsigned char, unsigned char*, int)
 .text._ZN18MicroBitMessageBus6removeEP16MicroBitListener
                0x000000000001a804       0x94 ym/microbit-dal/source/microbit-dal.a(MicroBitMessageBus.cpp.obj)
                0x000000000001a804                MicroBitMessageBus::remove(MicroBitListener*)
 .text._ZN18MicroBitMessageBus3addEP16MicroBitListener
                0x000000000001a898       0xd8 ym/microbit-dal/source/microbit-dal.a(MicroBitMessageBus.cpp.obj)
                0x000000000001a898                MicroBitMessageBus::add(MicroBitListener*)
 .text._ZN18MicroBitMessageBusD2Ev
                0x000000000001a970       0x20 ym/microbit-dal/source/microbit-dal.a(MicroBitMessageBus.cpp.obj)
                0x000000000001a970                MicroBitMessageBus::~MicroBitMessageBus()
                0x000000000001a970                MicroBitMessageBus::~MicroBitMessageBus()
 .text._ZThn8_N18MicroBitMessageBusD1Ev
                0x000000000001a990       0x10 ym/microbit-dal/source/microbit-dal.a(MicroBitMessageBus.cpp.obj)
                0x000000000001a990                non-virtual thunk to MicroBitMessageBus::~MicroBitMessageBus()
 .text._ZThn8_N18MicroBitMessageBusD0Ev
                0x000000000001a9a0       0x10 ym/microbit-dal/source/microbit-dal.a(MicroBitMessageBus.cpp.obj)
                0x000000000001a9a0                non-virtual thunk to MicroBitMessageBus::~MicroBitMessageBus()
 .text._ZN18MicroBitMessageBusC2Ev
                0x000000000001a9b0       0x3c ym/microbit-dal/source/microbit-dal.a(MicroBitMessageBus.cpp.obj)
                0x000000000001a9b0                MicroBitMessageBus::MicroBitMessageBus()
                0x000000000001a9b0                MicroBitMessageBus::MicroBitMessageBus()
 .text._ZN18MicroBitMessageBus7processE13MicroBitEventb
                0x000000000001a9ec       0x98 ym/microbit-dal/source/microbit-dal.a(MicroBitMessageBus.cpp.obj)
                0x000000000001a9ec                MicroBitMessageBus::process(MicroBitEvent, bool)
 .text._ZThn8_N18MicroBitMessageBus8idleTickEv
                0x000000000001aa84       0x10 ym/microbit-dal/source/microbit-dal.a(MicroBitMessageBus.cpp.obj)
                0x000000000001aa84                non-virtual thunk to MicroBitMessageBus::idleTick()
 .text.startup._GLOBAL__sub_I__ZN18MicroBitMessageBusC2Ev
                0x000000000001aa94       0x10 ym/microbit-dal/source/microbit-dal.a(MicroBitMessageBus.cpp.obj)
 .text._ZN10EventModel6listenI19MicroBitMultiButtonEEittPT_MS2_Fv13MicroBitEventEt.isra.0
                0x000000000001aaa4       0xa4 ym/microbit-dal/source/microbit-dal.a(MicroBitMultiButton.cpp.obj)
 .text._ZN19MicroBitMultiButtonC2Ettt
                0x000000000001ab48       0x70 ym/microbit-dal/source/microbit-dal.a(MicroBitMultiButton.cpp.obj)
                0x000000000001ab48                MicroBitMultiButton::MicroBitMultiButton(unsigned short, unsigned short, unsigned short)
                0x000000000001ab48                MicroBitMultiButton::MicroBitMultiButton(unsigned short, unsigned short, unsigned short)
 .text._ZN11MicroBitPinC2Ei7PinName13PinCapability
                0x000000000001abb8       0x1c ym/microbit-dal/source/microbit-dal.a(MicroBitPin.cpp.obj)
                0x000000000001abb8                MicroBitPin::MicroBitPin(int, PinName, PinCapability)
                0x000000000001abb8                MicroBitPin::MicroBitPin(int, PinName, PinCapability)
 .text._ZN11MicroBitPin10disconnectEv
                0x000000000001abd4       0x88 ym/microbit-dal/source/microbit-dal.a(MicroBitPin.cpp.obj)
                0x000000000001abd4                MicroBitPin::disconnect()
 .text._ZN11MicroBitPin15getDigitalValueEv
                0x000000000001ac5c       0x70 ym/microbit-dal/source/microbit-dal.a(MicroBitPin.cpp.obj)
                0x000000000001ac5c                MicroBitPin::getDigitalValue()
 .text._ZN11MicroBitPin7setPullE7PinMode
                0x000000000001accc       0x2c ym/microbit-dal/source/microbit-dal.a(MicroBitPin.cpp.obj)
                0x000000000001accc                MicroBitPin::setPull(PinMode)
 .text._ZN13MicroBitRadioC2Et
                0x000000000001acf8       0x40 ym/microbit-dal/source/microbit-dal.a(MicroBitRadio.cpp.obj)
                0x000000000001acf8                MicroBitRadio::MicroBitRadio(unsigned short)
                0x000000000001acf8                MicroBitRadio::MicroBitRadio(unsigned short)
 .text._ZN13MicroBitRadio7setRSSIEi
                0x000000000001ad38       0x14 ym/microbit-dal/source/microbit-dal.a(MicroBitRadio.cpp.obj)
                0x000000000001ad38                MicroBitRadio::setRSSI(int)
 .text._ZN13MicroBitRadio7getRSSIEv
                0x000000000001ad4c       0x14 ym/microbit-dal/source/microbit-dal.a(MicroBitRadio.cpp.obj)
                0x000000000001ad4c                MicroBitRadio::getRSSI()
 .text._ZN13MicroBitRadio10queueRxBufEv
                0x000000000001ad60       0x60 ym/microbit-dal/source/microbit-dal.a(MicroBitRadio.cpp.obj)
                0x000000000001ad60                MicroBitRadio::queueRxBuf()
 .text.RADIO_IRQHandler
                0x000000000001adc0       0x64 ym/microbit-dal/source/microbit-dal.a(MicroBitRadio.cpp.obj)
                0x000000000001adc0                RADIO_IRQHandler
 .text._ZN13MicroBitRadio8setGroupEh
                0x000000000001ae24       0x28 ym/microbit-dal/source/microbit-dal.a(MicroBitRadio.cpp.obj)
                0x000000000001ae24                MicroBitRadio::setGroup(unsigned char)
 .text._ZN13MicroBitRadio6enableEv
                0x000000000001ae4c      0x128 ym/microbit-dal/source/microbit-dal.a(MicroBitRadio.cpp.obj)
                0x000000000001ae4c                MicroBitRadio::enable()
 .text._ZN13MicroBitRadio4recvEv
                0x000000000001af74       0x28 ym/microbit-dal/source/microbit-dal.a(MicroBitRadio.cpp.obj)
                0x000000000001af74                MicroBitRadio::recv()
 .text._ZN13MicroBitRadio4sendEP11FrameBuffer
                0x000000000001af9c       0xa8 ym/microbit-dal/source/microbit-dal.a(MicroBitRadio.cpp.obj)
                0x000000000001af9c                MicroBitRadio::send(FrameBuffer*)
 .text._ZN21MicroBitRadioDatagram4recvEv
                0x000000000001b044       0x40 ym/microbit-dal/source/microbit-dal.a(MicroBitRadioDatagram.cpp.obj)
                0x000000000001b044                MicroBitRadioDatagram::recv()
 .text._ZN21MicroBitRadioDatagram4sendEPhi
                0x000000000001b084       0x38 ym/microbit-dal/source/microbit-dal.a(MicroBitRadioDatagram.cpp.obj)
                0x000000000001b084                MicroBitRadioDatagram::send(unsigned char*, int)
 .text._ZN14MicroBitSerial12dataReceivedEv
                0x000000000001b0bc       0x90 ym/microbit-dal/source/microbit-dal.a(MicroBitSerial.cpp.obj)
                0x000000000001b0bc                MicroBitSerial::dataReceived()
 .text._ZN14MicroBitSerial8unlockRxEv.constprop.0
                0x000000000001b14c       0x10 ym/microbit-dal/source/microbit-dal.a(MicroBitSerial.cpp.obj)
 .text._ZN14MicroBitSerial6lockTxEv
                0x000000000001b15c       0x10 ym/microbit-dal/source/microbit-dal.a(MicroBitSerial.cpp.obj)
                0x000000000001b15c                MicroBitSerial::lockTx()
 .text._ZN14MicroBitSerial8unlockTxEv
                0x000000000001b16c       0x10 ym/microbit-dal/source/microbit-dal.a(MicroBitSerial.cpp.obj)
                0x000000000001b16c                MicroBitSerial::unlockTx()
 .text._ZN14MicroBitSerial4baudEi
                0x000000000001b17c       0x14 ym/microbit-dal/source/microbit-dal.a(MicroBitSerial.cpp.obj)
                0x000000000001b17c                MicroBitSerial::baud(int)
 .text._ZN14MicroBitSerialC2E7PinNameS0_hh
                0x000000000001b190       0x50 ym/microbit-dal/source/microbit-dal.a(MicroBitSerial.cpp.obj)
                0x000000000001b190                MicroBitSerial::MicroBitSerial(PinName, PinName, unsigned char, unsigned char)
                0x000000000001b190                MicroBitSerial::MicroBitSerial(PinName, PinName, unsigned char, unsigned char)
 .text._ZN14MicroBitSerial10eventAfterEi18MicroBitSerialMode
                0x000000000001b1e0       0x38 ym/microbit-dal/source/microbit-dal.a(MicroBitSerial.cpp.obj)
                0x000000000001b1e0                MicroBitSerial::eventAfter(int, MicroBitSerialMode)
 .text._ZN14MicroBitSerial7getCharE18MicroBitSerialMode
                0x000000000001b218       0x5c ym/microbit-dal/source/microbit-dal.a(MicroBitSerial.cpp.obj)
                0x000000000001b218                MicroBitSerial::getChar(MicroBitSerialMode)
 .text._ZN14MicroBitSerial11dataWrittenEv
                0x000000000001b274       0x60 ym/microbit-dal/source/microbit-dal.a(MicroBitSerial.cpp.obj)
                0x000000000001b274                MicroBitSerial::dataWritten()
 .text._ZN14MicroBitSerial12initialiseTxEv
                0x000000000001b2d4       0x50 ym/microbit-dal/source/microbit-dal.a(MicroBitSerial.cpp.obj)
                0x000000000001b2d4                MicroBitSerial::initialiseTx()
 .text._ZN4mbed10SerialBase6attachI14MicroBitSerialEEvPT_MS3_FvvENS0_7IrqTypeE
                0x000000000001b324       0x48 ym/microbit-dal/source/microbit-dal.a(MicroBitSerial.cpp.obj)
                0x000000000001b324                void mbed::SerialBase::attach<MicroBitSerial>(MicroBitSerial*, void (MicroBitSerial::*)(), mbed::SerialBase::IrqType)
 .text._ZN14MicroBitSerial14setTxInterruptEPhi18MicroBitSerialMode
                0x000000000001b36c       0x74 ym/microbit-dal/source/microbit-dal.a(MicroBitSerial.cpp.obj)
                0x000000000001b36c                MicroBitSerial::setTxInterrupt(unsigned char*, int, MicroBitSerialMode)
 .text._ZN14MicroBitSerial4sendEPhi18MicroBitSerialMode
                0x000000000001b3e0       0x70 ym/microbit-dal/source/microbit-dal.a(MicroBitSerial.cpp.obj)
                0x000000000001b3e0                MicroBitSerial::send(unsigned char*, int, MicroBitSerialMode)
 .text._ZN14MicroBitSerial12initialiseRxEv
                0x000000000001b450       0x68 ym/microbit-dal/source/microbit-dal.a(MicroBitSerial.cpp.obj)
                0x000000000001b450                MicroBitSerial::initialiseRx()
 .text._ZN14MicroBitSerial4readEPhi18MicroBitSerialMode
                0x000000000001b4b8       0xb4 ym/microbit-dal/source/microbit-dal.a(MicroBitSerial.cpp.obj)
                0x000000000001b4b8                MicroBitSerial::read(unsigned char*, int, MicroBitSerialMode)
 .text._ZN15MicroBitStorage4sizeEv
                0x000000000001b56c       0x60 ym/microbit-dal/source/microbit-dal.a(MicroBitStorage.cpp.obj)
                0x000000000001b56c                MicroBitStorage::size()
 .text._ZN15MicroBitStorage3putEPKcPhi
                0x000000000001b5cc      0x1ac ym/microbit-dal/source/microbit-dal.a(MicroBitStorage.cpp.obj)
                0x000000000001b5cc                MicroBitStorage::put(char const*, unsigned char*, int)
 .text._ZN15MicroBitStorage6removeEPKc
                0x000000000001b778       0xdc ym/microbit-dal/source/microbit-dal.a(MicroBitStorage.cpp.obj)
                0x000000000001b778                MicroBitStorage::remove(char const*)
 .text._ZN19MicroBitThermometerC2ER15MicroBitStoraget
                0x000000000001b854       0x48 ym/microbit-dal/source/microbit-dal.a(MicroBitThermometer.cpp.obj)
                0x000000000001b854                MicroBitThermometer::MicroBitThermometer(MicroBitStorage&, unsigned short)
                0x000000000001b854                MicroBitThermometer::MicroBitThermometer(MicroBitStorage&, unsigned short)
 .text._ZN19MicroBitThermometer12updateSampleEv
                0x000000000001b89c       0x8c ym/microbit-dal/source/microbit-dal.a(MicroBitThermometer.cpp.obj)
                0x000000000001b89c                MicroBitThermometer::updateSample()
 .text._ZL18nvmc_event_handlerm
                0x000000000001b928       0x10 ym/microbit-dal/source/microbit-dal.a(MicroBitFlash.cpp.obj)
 .text._ZN13MicroBitFlashC2Ev
                0x000000000001b938       0x24 ym/microbit-dal/source/microbit-dal.a(MicroBitFlash.cpp.obj)
                0x000000000001b938                MicroBitFlash::MicroBitFlash()
                0x000000000001b938                MicroBitFlash::MicroBitFlash()
 .text._ZN13MicroBitFlash10erase_pageEPm
                0x000000000001b95c       0x68 ym/microbit-dal/source/microbit-dal.a(MicroBitFlash.cpp.obj)
                0x000000000001b95c                MicroBitFlash::erase_page(unsigned long*)
 .text._ZN13MicroBitFlash10flash_burnEPmS0_i
                0x000000000001b9c4       0x80 ym/microbit-dal/source/microbit-dal.a(MicroBitFlash.cpp.obj)
                0x000000000001b9c4                MicroBitFlash::flash_burn(unsigned long*, unsigned long*, int)
 .text._ZThn68_N8FXOS87008idleTickEv
                0x000000000001ba44       0x10 ym/microbit-dal/source/microbit-dal.a(FXOS8700.cpp.obj)
                0x000000000001ba44                non-virtual thunk to FXOS8700::idleTick()
 .text._ZN8FXOS87009configureEv
                0x000000000001ba54       0xe4 ym/microbit-dal/source/microbit-dal.a(FXOS8700.cpp.obj)
                0x000000000001ba54                FXOS8700::configure()
 .text._ZThn68_N8FXOS87009configureEv
                0x000000000001bb38       0x10 ym/microbit-dal/source/microbit-dal.a(FXOS8700.cpp.obj)
                0x000000000001bb38                non-virtual thunk to FXOS8700::configure()
 .text._ZN8FXOS8700D2Ev
                0x000000000001bb48       0x24 ym/microbit-dal/source/microbit-dal.a(FXOS8700.cpp.obj)
                0x000000000001bb48                FXOS8700::~FXOS8700()
                0x000000000001bb48                FXOS8700::~FXOS8700()
 .text._ZThn68_N8FXOS8700D1Ev
                0x000000000001bb6c       0x10 ym/microbit-dal/source/microbit-dal.a(FXOS8700.cpp.obj)
                0x000000000001bb6c                non-virtual thunk to FXOS8700::~FXOS8700()
 .text._ZThn68_N8FXOS8700D0Ev
                0x000000000001bb7c       0x10 ym/microbit-dal/source/microbit-dal.a(FXOS8700.cpp.obj)
                0x000000000001bb7c                non-virtual thunk to FXOS8700::~FXOS8700()
 .text._ZN8FXOS870013requestUpdateEv
                0x000000000001bb8c       0xfc ym/microbit-dal/source/microbit-dal.a(FXOS8700.cpp.obj)
                0x000000000001bb8c                FXOS8700::requestUpdate()
 .text._ZThn68_N8FXOS870013requestUpdateEv
                0x000000000001bc88       0x10 ym/microbit-dal/source/microbit-dal.a(FXOS8700.cpp.obj)
                0x000000000001bc88                non-virtual thunk to FXOS8700::requestUpdate()
 .text._ZN8FXOS8700C2ER11MicroBitI2C11MicroBitPinR15CoordinateSpacettt
                0x000000000001bc98       0x80 ym/microbit-dal/source/microbit-dal.a(FXOS8700.cpp.obj)
                0x000000000001bc98                FXOS8700::FXOS8700(MicroBitI2C&, MicroBitPin, CoordinateSpace&, unsigned short, unsigned short, unsigned short)
                0x000000000001bc98                FXOS8700::FXOS8700(MicroBitI2C&, MicroBitPin, CoordinateSpace&, unsigned short, unsigned short, unsigned short)
 .text._ZN7MMA86539configureEv
                0x000000000001bd18       0xb0 ym/microbit-dal/source/microbit-dal.a(MMA8653.cpp.obj)
                0x000000000001bd18                MMA8653::configure()
 .text._ZN7MMA8653D2Ev
                0x000000000001bdc8       0x18 ym/microbit-dal/source/microbit-dal.a(MMA8653.cpp.obj)
                0x000000000001bdc8                MMA8653::~MMA8653()
                0x000000000001bdc8                MMA8653::~MMA8653()
 .text._ZN7MMA865313requestUpdateEv
                0x000000000001bde0       0x78 ym/microbit-dal/source/microbit-dal.a(MMA8653.cpp.obj)
                0x000000000001bde0                MMA8653::requestUpdate()
 .text._ZN7MMA8653C2ER11MicroBitI2C11MicroBitPinR15CoordinateSpacett
                0x000000000001be58       0x5c ym/microbit-dal/source/microbit-dal.a(MMA8653.cpp.obj)
                0x000000000001be58                MMA8653::MMA8653(MicroBitI2C&, MicroBitPin, CoordinateSpace&, unsigned short, unsigned short)
                0x000000000001be58                MMA8653::MMA8653(MicroBitI2C&, MicroBitPin, CoordinateSpace&, unsigned short, unsigned short)
 .text._ZN7MAG3110D2Ev
                0x000000000001beb4       0x18 ym/microbit-dal/source/microbit-dal.a(MAG3110.cpp.obj)
                0x000000000001beb4                MAG3110::~MAG3110()
                0x000000000001beb4                MAG3110::~MAG3110()
 .text._ZN7MAG31109configureEv
                0x000000000001becc       0xa4 ym/microbit-dal/source/microbit-dal.a(MAG3110.cpp.obj)
                0x000000000001becc                MAG3110::configure()
 .text._ZN7MAG311013requestUpdateEv
                0x000000000001bf70       0x90 ym/microbit-dal/source/microbit-dal.a(MAG3110.cpp.obj)
                0x000000000001bf70                MAG3110::requestUpdate()
 .text._ZN7MAG3110C2ER11MicroBitI2C11MicroBitPinR15CoordinateSpacett
                0x000000000001c000       0x54 ym/microbit-dal/source/microbit-dal.a(MAG3110.cpp.obj)
                0x000000000001c000                MAG3110::MAG3110(MicroBitI2C&, MicroBitPin, CoordinateSpace&, unsigned short, unsigned short)
                0x000000000001c000                MAG3110::MAG3110(MicroBitI2C&, MicroBitPin, CoordinateSpace&, unsigned short, unsigned short)
 .text._ZN19LSM303Accelerometer9configureEv
                0x000000000001c054       0xa0 ym/microbit-dal/source/microbit-dal.a(LSM303Accelerometer.cpp.obj)
                0x000000000001c054                LSM303Accelerometer::configure()
 .text._ZN19LSM303AccelerometerD2Ev
                0x000000000001c0f4       0x18 ym/microbit-dal/source/microbit-dal.a(LSM303Accelerometer.cpp.obj)
                0x000000000001c0f4                LSM303Accelerometer::~LSM303Accelerometer()
                0x000000000001c0f4                LSM303Accelerometer::~LSM303Accelerometer()
 .text._ZN19LSM303Accelerometer13requestUpdateEv
                0x000000000001c10c       0x94 ym/microbit-dal/source/microbit-dal.a(LSM303Accelerometer.cpp.obj)
                0x000000000001c10c                LSM303Accelerometer::requestUpdate()
 .text._ZN19LSM303AccelerometerC2ER11MicroBitI2C11MicroBitPinR15CoordinateSpacett
                0x000000000001c1a0       0x5c ym/microbit-dal/source/microbit-dal.a(LSM303Accelerometer.cpp.obj)
                0x000000000001c1a0                LSM303Accelerometer::LSM303Accelerometer(MicroBitI2C&, MicroBitPin, CoordinateSpace&, unsigned short, unsigned short)
                0x000000000001c1a0                LSM303Accelerometer::LSM303Accelerometer(MicroBitI2C&, MicroBitPin, CoordinateSpace&, unsigned short, unsigned short)
 .text._ZN18LSM303Magnetometer9configureEv
                0x000000000001c1fc       0x60 ym/microbit-dal/source/microbit-dal.a(LSM303Magnetometer.cpp.obj)
                0x000000000001c1fc                LSM303Magnetometer::configure()
 .text._ZN18LSM303MagnetometerD2Ev
                0x000000000001c25c       0x18 ym/microbit-dal/source/microbit-dal.a(LSM303Magnetometer.cpp.obj)
                0x000000000001c25c                LSM303Magnetometer::~LSM303Magnetometer()
                0x000000000001c25c                LSM303Magnetometer::~LSM303Magnetometer()
 .text._ZN18LSM303Magnetometer13requestUpdateEv
                0x000000000001c274       0x70 ym/microbit-dal/source/microbit-dal.a(LSM303Magnetometer.cpp.obj)
                0x000000000001c274                LSM303Magnetometer::requestUpdate()
 .text._ZN18LSM303MagnetometerC2ER11MicroBitI2C11MicroBitPinR15CoordinateSpacett
                0x000000000001c2e4       0x54 ym/microbit-dal/source/microbit-dal.a(LSM303Magnetometer.cpp.obj)
                0x000000000001c2e4                LSM303Magnetometer::LSM303Magnetometer(MicroBitI2C&, MicroBitPin, CoordinateSpace&, unsigned short, unsigned short)
                0x000000000001c2e4                LSM303Magnetometer::LSM303Magnetometer(MicroBitI2C&, MicroBitPin, CoordinateSpace&, unsigned short, unsigned short)
 .text._ZN18MicroBitBLEManagerD2Ev
                0x000000000001c338       0x20 ym/microbit-dal/source/microbit-dal.a(MicroBitBLEManager.cpp.obj)
                0x000000000001c338                MicroBitBLEManager::~MicroBitBLEManager()
                0x000000000001c338                MicroBitBLEManager::~MicroBitBLEManager()
 .text._ZL25bleSysAttrMissingCallbackPK32GattSysAttrMissingCallbackParams
                0x000000000001c358       0xc8 ym/microbit-dal/source/microbit-dal.a(MicroBitBLEManager.cpp.obj)
 .text._ZN18MicroBitBLEManager8idleTickEv
                0x000000000001c420      0x110 ym/microbit-dal/source/microbit-dal.a(MicroBitBLEManager.cpp.obj)
                0x000000000001c420                MicroBitBLEManager::idleTick()
 .text._ZN18GattCharacteristicC2ERK4UUIDPhtthPP13GattAttributejb
                0x000000000001c530       0x8c ym/microbit-dal/source/microbit-dal.a(MicroBitBLEManager.cpp.obj)
                0x000000000001c530                GattCharacteristic::GattCharacteristic(UUID const&, unsigned char*, unsigned short, unsigned short, unsigned char, GattAttribute**, unsigned int, bool)
                0x000000000001c530                GattCharacteristic::GattCharacteristic(UUID const&, unsigned char*, unsigned short, unsigned short, unsigned char, GattAttribute**, unsigned int, bool)
 .text._ZN3BLE22setAdvertisingIntervalEt
                0x000000000001c5bc       0x3c ym/microbit-dal/source/microbit-dal.a(MicroBitBLEManager.cpp.obj)
                0x000000000001c5bc                BLE::setAdvertisingInterval(unsigned short)
 .text._ZN24DeviceInformationServiceC2ER3BLEPKcS3_S3_S3_S3_S3_
                0x000000000001c5f8      0x1dc ym/microbit-dal/source/microbit-dal.a(MicroBitBLEManager.cpp.obj)
                0x000000000001c5f8                DeviceInformationService::DeviceInformationService(BLE&, char const*, char const*, char const*, char const*, char const*, char const*)
                0x000000000001c5f8                DeviceInformationService::DeviceInformationService(BLE&, char const*, char const*, char const*, char const*, char const*, char const*)
 .text._ZN18MicroBitBLEManagerC2ER15MicroBitStorage
                0x000000000001c7d4       0x3c ym/microbit-dal/source/microbit-dal.a(MicroBitBLEManager.cpp.obj)
                0x000000000001c7d4                MicroBitBLEManager::MicroBitBLEManager(MicroBitStorage&)
                0x000000000001c7d4                MicroBitBLEManager::MicroBitBLEManager(MicroBitStorage&)
 .text._ZL24bleDisconnectionCallbackPKN3Gap29DisconnectionCallbackParams_tE
                0x000000000001c810       0x3c ym/microbit-dal/source/microbit-dal.a(MicroBitBLEManager.cpp.obj)
 .text._ZN18MicroBitBLEManager16setTransmitPowerEi
                0x000000000001c84c       0x3c ym/microbit-dal/source/microbit-dal.a(MicroBitBLEManager.cpp.obj)
                0x000000000001c84c                MicroBitBLEManager::setTransmitPower(int)
 .text._ZN18MicroBitBLEManager4initE13ManagedStringS0_R10EventModelb
                0x000000000001c888      0x2c4 ym/microbit-dal/source/microbit-dal.a(MicroBitBLEManager.cpp.obj)
                0x000000000001c888                MicroBitBLEManager::init(ManagedString, ManagedString, EventModel&, bool)
 .text._ZL22passkeyDisplayCallbacktPKh
                0x000000000001cb4c       0x34 ym/microbit-dal/source/microbit-dal.a(MicroBitBLEManager.cpp.obj)
 .text._ZL30securitySetupCompletedCallbacktN15SecurityManager26SecurityCompletionStatus_tE
                0x000000000001cb80       0x40 ym/microbit-dal/source/microbit-dal.a(MicroBitBLEManager.cpp.obj)
 .text._ZN18MicroBitBLEManager27showManagementModeAnimationER15MicroBitDisplay
                0x000000000001cbc0       0xa8 ym/microbit-dal/source/microbit-dal.a(MicroBitBLEManager.cpp.obj)
                0x000000000001cbc0                MicroBitBLEManager::showManagementModeAnimation(MicroBitDisplay&)
 .text._ZN18MicroBitBLEManager11pairingModeER15MicroBitDisplayR14MicroBitButton
                0x000000000001cc68      0x298 ym/microbit-dal/source/microbit-dal.a(MicroBitBLEManager.cpp.obj)
                0x000000000001cc68                MicroBitBLEManager::pairingMode(MicroBitDisplay&, MicroBitButton&)
 .text._ZN18MicroBitDFUServiceC2ER3BLE
                0x000000000001cf00      0x184 ym/microbit-dal/source/microbit-dal.a(MicroBitDFUService.cpp.obj)
                0x000000000001cf00                MicroBitDFUService::MicroBitDFUService(BLE&)
                0x000000000001cf00                MicroBitDFUService::MicroBitDFUService(BLE&)
 .text._ZN20MicroBitEventServiceC2ER3BLER10EventModel
                0x000000000001d084      0x20c ym/microbit-dal/source/microbit-dal.a(MicroBitEventService.cpp.obj)
                0x000000000001d084                MicroBitEventService::MicroBitEventService(BLE&, EventModel&)
                0x000000000001d084                MicroBitEventService::MicroBitEventService(BLE&, EventModel&)
 .text._ZN16MicroBitListenerC2I20MicroBitEventServiceEEttPT_MS2_Fv13MicroBitEventEt
                0x000000000001d290       0x70 ym/microbit-dal/source/microbit-dal.a(MicroBitEventService.cpp.obj)
                0x000000000001d290                MicroBitListener::MicroBitListener<MicroBitEventService>(unsigned short, unsigned short, MicroBitEventService*, void (MicroBitEventService::*)(MicroBitEvent), unsigned short)
                0x000000000001d290                MicroBitListener::MicroBitListener<MicroBitEventService>(unsigned short, unsigned short, MicroBitEventService*, void (MicroBitEventService::*)(MicroBitEvent), unsigned short)
 .text._ZN20MicroBitEventService8idleTickEv
                0x000000000001d300       0x58 ym/microbit-dal/source/microbit-dal.a(MicroBitEventService.cpp.obj)
                0x000000000001d300                MicroBitEventService::idleTick()
 .text._ZN20MicroBitEventService13onDataWrittenEPK23GattWriteCallbackParams
                0x000000000001d358       0x90 ym/microbit-dal/source/microbit-dal.a(MicroBitEventService.cpp.obj)
                0x000000000001d358                MicroBitEventService::onDataWritten(GattWriteCallbackParams const*)
 .text          0x000000000001d3e8      0x124 ym/microbit-dal/source/microbit-dal.a(CortexContextSwitch.s.obj)
                0x000000000001d3e8                swap_context
                0x000000000001d46a                save_context
                0x000000000001d4ae                save_register_context
                0x000000000001d4de                restore_register_context
 .text._Z14string_reversePc
                0x000000000001d50c       0x2c ym/microbit-dal/source/microbit-dal.a(MicroBitCompat.cpp.obj)
                0x000000000001d50c                string_reverse(char*)
 .text._Z4itoaiPc
                0x000000000001d538       0x68 ym/microbit-dal/source/microbit-dal.a(MicroBitCompat.cpp.obj)
                0x000000000001d538                itoa(int, char*)
 .text._ZNK13KeyValueTable4findEm
                0x000000000001d5a0       0x28 ym/microbit-dal/source/microbit-dal.a(MicroBitUtil.cpp.obj)
                0x000000000001d5a0                KeyValueTable::find(unsigned long) const
 .text._ZN3BLEC2Ej.part.0
                0x000000000001d5c8       0x20 ym/ble/source/ble.a(BLE.cpp.obj)
 .text._ZN3BLE8InstanceEj
                0x000000000001d5e8       0x48 ym/ble/source/ble.a(BLE.cpp.obj)
                0x000000000001d5e8                BLE::Instance(unsigned int)
 .text._ZNK3BLE3gapEv
                0x000000000001d630       0x20 ym/ble/source/ble.a(BLE.cpp.obj)
                0x000000000001d630                BLE::gap() const
 .text._ZN3BLE3gapEv
                0x000000000001d650       0x20 ym/ble/source/ble.a(BLE.cpp.obj)
                0x000000000001d650                BLE::gap()
 .text._ZN3BLE10gattServerEv
                0x000000000001d670       0x20 ym/ble/source/ble.a(BLE.cpp.obj)
                0x000000000001d670                BLE::gattServer()
 .text._ZN3BLE15securityManagerEv
                0x000000000001d690       0x20 ym/ble/source/ble.a(BLE.cpp.obj)
                0x000000000001d690                BLE::securityManager()
 .text._ZL16sys_evt_dispatchm
                0x000000000001d6b0       0x1c ym/ble-nrf51822/source/ble-nrf51822.a(btle.cpp.obj)
 .text._ZL12btle_handlerP9ble_evt_t
                0x000000000001d6cc      0x178 ym/ble-nrf51822/source/ble-nrf51822.a(btle.cpp.obj)
 .text.btle_set_gatt_table_size
                0x000000000001d844       0x14 ym/ble-nrf51822/source/ble-nrf51822.a(btle.cpp.obj)
                0x000000000001d844                btle_set_gatt_table_size
 .text.btle_set_user_evt_handler
                0x000000000001d858        0xc ym/ble-nrf51822/source/ble-nrf51822.a(btle.cpp.obj)
                0x000000000001d858                btle_set_user_evt_handler
 .text.btle_init
                0x000000000001d864       0xa4 ym/ble-nrf51822/source/ble-nrf51822.a(btle.cpp.obj)
                0x000000000001d864                btle_init
 .text.app_error_handler
                0x000000000001d908       0x20 ym/ble-nrf51822/source/ble-nrf51822.a(btle.cpp.obj)
                0x000000000001d908                app_error_handler
 .text._ZNK3Gap25getMaxAdvertisingIntervalEv
                0x000000000001d928        0x8 ym/ble-nrf51822/source/ble-nrf51822.a(nRF5xn.cpp.obj)
                0x000000000001d928                Gap::getMaxAdvertisingInterval() const
 .text._ZN10GattClient16discoverServicesEt26FunctionPointerWithContextIPK17DiscoveredServiceERK4UUID
                0x000000000001d930       0x60 ym/ble-nrf51822/source/ble-nrf51822.a(nRF5xn.cpp.obj)
                0x000000000001d930                GattClient::discoverServices(unsigned short, FunctionPointerWithContext<DiscoveredService const*>, UUID const&)
 .text._ZNK6nRF5xn18getSecurityManagerEv
                0x000000000001d990       0x34 ym/ble-nrf51822/source/ble-nrf51822.a(nRF5xn.cpp.obj)
                0x000000000001d990                nRF5xn::getSecurityManager() const
 .text._ZN6nRF5xn13getGattClientEv
                0x000000000001d9c4       0x48 ym/ble-nrf51822/source/ble-nrf51822.a(nRF5xn.cpp.obj)
                0x000000000001d9c4                nRF5xn::getGattClient()
 .text._ZN38CallChainOfFunctionPointersWithContextIPK3GapED2Ev
                0x000000000001da0c       0x20 ym/ble-nrf51822/source/ble-nrf51822.a(nRF5xn.cpp.obj)
                0x000000000001da0c                CallChainOfFunctionPointersWithContext<Gap const*>::~CallChainOfFunctionPointersWithContext()
                0x000000000001da0c                CallChainOfFunctionPointersWithContext<Gap const*>::~CallChainOfFunctionPointersWithContext()
 .text._ZN38CallChainOfFunctionPointersWithContextIN3Gap15TimeoutSource_tEED2Ev
                0x000000000001da2c       0x20 ym/ble-nrf51822/source/ble-nrf51822.a(nRF5xn.cpp.obj)
                0x000000000001da2c                CallChainOfFunctionPointersWithContext<Gap::TimeoutSource_t>::~CallChainOfFunctionPointersWithContext()
                0x000000000001da2c                CallChainOfFunctionPointersWithContext<Gap::TimeoutSource_t>::~CallChainOfFunctionPointersWithContext()
 .text._ZN38CallChainOfFunctionPointersWithContextIPKN3Gap26ConnectionCallbackParams_tEED2Ev
                0x000000000001da4c       0x20 ym/ble-nrf51822/source/ble-nrf51822.a(nRF5xn.cpp.obj)
                0x000000000001da4c                CallChainOfFunctionPointersWithContext<Gap::ConnectionCallbackParams_t const*>::~CallChainOfFunctionPointersWithContext()
                0x000000000001da4c                CallChainOfFunctionPointersWithContext<Gap::ConnectionCallbackParams_t const*>::~CallChainOfFunctionPointersWithContext()
 .text._ZN38CallChainOfFunctionPointersWithContextIPKN3Gap29DisconnectionCallbackParams_tEED2Ev
                0x000000000001da6c       0x20 ym/ble-nrf51822/source/ble-nrf51822.a(nRF5xn.cpp.obj)
                0x000000000001da6c                CallChainOfFunctionPointersWithContext<Gap::DisconnectionCallbackParams_t const*>::~CallChainOfFunctionPointersWithContext()
                0x000000000001da6c                CallChainOfFunctionPointersWithContext<Gap::DisconnectionCallbackParams_t const*>::~CallChainOfFunctionPointersWithContext()
 .text._ZN38CallChainOfFunctionPointersWithContextIPK15SecurityManagerED2Ev
                0x000000000001da8c       0x20 ym/ble-nrf51822/source/ble-nrf51822.a(nRF5xn.cpp.obj)
                0x000000000001da8c                CallChainOfFunctionPointersWithContext<SecurityManager const*>::~CallChainOfFunctionPointersWithContext()
                0x000000000001da8c                CallChainOfFunctionPointersWithContext<SecurityManager const*>::~CallChainOfFunctionPointersWithContext()
 .text._ZN38CallChainOfFunctionPointersWithContextIPK10GattServerED2Ev
                0x000000000001daac       0x20 ym/ble-nrf51822/source/ble-nrf51822.a(nRF5xn.cpp.obj)
                0x000000000001daac                CallChainOfFunctionPointersWithContext<GattServer const*>::~CallChainOfFunctionPointersWithContext()
                0x000000000001daac                CallChainOfFunctionPointersWithContext<GattServer const*>::~CallChainOfFunctionPointersWithContext()
 .text._ZN38CallChainOfFunctionPointersWithContextIjED2Ev
                0x000000000001dacc       0x20 ym/ble-nrf51822/source/ble-nrf51822.a(nRF5xn.cpp.obj)
                0x000000000001dacc                CallChainOfFunctionPointersWithContext<unsigned int>::~CallChainOfFunctionPointersWithContext()
                0x000000000001dacc                CallChainOfFunctionPointersWithContext<unsigned int>::~CallChainOfFunctionPointersWithContext()
 .text._ZN38CallChainOfFunctionPointersWithContextIPK32GattSysAttrMissingCallbackParamsED2Ev
                0x000000000001daec       0x20 ym/ble-nrf51822/source/ble-nrf51822.a(nRF5xn.cpp.obj)
                0x000000000001daec                CallChainOfFunctionPointersWithContext<GattSysAttrMissingCallbackParams const*>::~CallChainOfFunctionPointersWithContext()
                0x000000000001daec                CallChainOfFunctionPointersWithContext<GattSysAttrMissingCallbackParams const*>::~CallChainOfFunctionPointersWithContext()
 .text._ZN38CallChainOfFunctionPointersWithContextIPK10GattClientED2Ev
                0x000000000001db0c       0x20 ym/ble-nrf51822/source/ble-nrf51822.a(nRF5xn.cpp.obj)
                0x000000000001db0c                CallChainOfFunctionPointersWithContext<GattClient const*>::~CallChainOfFunctionPointersWithContext()
                0x000000000001db0c                CallChainOfFunctionPointersWithContext<GattClient const*>::~CallChainOfFunctionPointersWithContext()
 .text._ZN38CallChainOfFunctionPointersWithContextIPK21GattHVXCallbackParamsED2Ev
                0x000000000001db2c       0x20 ym/ble-nrf51822/source/ble-nrf51822.a(nRF5xn.cpp.obj)
                0x000000000001db2c                CallChainOfFunctionPointersWithContext<GattHVXCallbackParams const*>::~CallChainOfFunctionPointersWithContext()
                0x000000000001db2c                CallChainOfFunctionPointersWithContext<GattHVXCallbackParams const*>::~CallChainOfFunctionPointersWithContext()
 .text._ZN6nRF5xn10getVersionEv
                0x000000000001db4c       0x74 ym/ble-nrf51822/source/ble-nrf51822.a(nRF5xn.cpp.obj)
                0x000000000001db4c                nRF5xn::getVersion()
 .text._ZN6nRF5xn18getSecurityManagerEv
                0x000000000001dbc0       0x34 ym/ble-nrf51822/source/ble-nrf51822.a(nRF5xn.cpp.obj)
                0x000000000001dbc0                nRF5xn::getSecurityManager()
 .text._ZN6nRF5xnD2Ev
                0x000000000001dbf4       0x60 ym/ble-nrf51822/source/ble-nrf51822.a(nRF5xn.cpp.obj)
                0x000000000001dbf4                nRF5xn::~nRF5xn()
                0x000000000001dbf4                nRF5xn::~nRF5xn()
 .text._ZN3Gap5resetEv
                0x000000000001dc54       0xcc ym/ble-nrf51822/source/ble-nrf51822.a(nRF5xn.cpp.obj)
                0x000000000001dc54                Gap::reset()
 .text._ZN6nRF5xnC2Ev
                0x000000000001dd20      0x138 ym/ble-nrf51822/source/ble-nrf51822.a(nRF5xn.cpp.obj)
                0x000000000001dd20                nRF5xn::nRF5xn()
                0x000000000001dd20                nRF5xn::nRF5xn()
 .text._ZN6nRF5xn8InstanceEj
                0x000000000001de58       0x24 ym/ble-nrf51822/source/ble-nrf51822.a(nRF5xn.cpp.obj)
                0x000000000001de58                nRF5xn::Instance(unsigned int)
 .text._ZN26FunctionPointerWithContextItEC2EPFvtE
                0x000000000001de7c       0x20 ym/ble-nrf51822/source/ble-nrf51822.a(nRF5xn.cpp.obj)
                0x000000000001de7c                FunctionPointerWithContext<unsigned short>::FunctionPointerWithContext(void (*)(unsigned short))
                0x000000000001de7c                FunctionPointerWithContext<unsigned short>::FunctionPointerWithContext(void (*)(unsigned short))
 .text._ZN15nRF5xGattServerC2Ev
                0x000000000001de9c       0xa8 ym/ble-nrf51822/source/ble-nrf51822.a(nRF5xn.cpp.obj)
                0x000000000001de9c                nRF5xGattServer::nRF5xGattServer()
                0x000000000001de9c                nRF5xGattServer::nRF5xGattServer()
 .text._ZN38CallChainOfFunctionPointersWithContextIPK23GattWriteCallbackParamsED2Ev
                0x000000000001df44       0x14 ym/ble-nrf51822/source/ble-nrf51822.a(nRF5xn.cpp.obj)
                0x000000000001df44                CallChainOfFunctionPointersWithContext<GattWriteCallbackParams const*>::~CallChainOfFunctionPointersWithContext()
                0x000000000001df44                CallChainOfFunctionPointersWithContext<GattWriteCallbackParams const*>::~CallChainOfFunctionPointersWithContext()
 .text._ZN38CallChainOfFunctionPointersWithContextIPK22GattReadCallbackParamsED2Ev
                0x000000000001df58       0x14 ym/ble-nrf51822/source/ble-nrf51822.a(nRF5xn.cpp.obj)
                0x000000000001df58                CallChainOfFunctionPointersWithContext<GattReadCallbackParams const*>::~CallChainOfFunctionPointersWithContext()
                0x000000000001df58                CallChainOfFunctionPointersWithContext<GattReadCallbackParams const*>::~CallChainOfFunctionPointersWithContext()
 .text._Z13btle_gap_initv
                0x000000000001df6c       0x54 ym/ble-nrf51822/source/ble-nrf51822.a(btle_gap.cpp.obj)
                0x000000000001df6c                btle_gap_init()
 .text._ZN8nRF5xGap25getPermittedTxPowerValuesEPPKaPj
                0x000000000001dfc0       0x10 ym/ble-nrf51822/source/ble-nrf51822.a(nRF5xGap.cpp.obj)
                0x000000000001dfc0                nRF5xGap::getPermittedTxPowerValues(signed char const**, unsigned int*)
 .text._Z31radioNotificationStaticCallbackb
                0x000000000001dfd0       0x40 ym/ble-nrf51822/source/ble-nrf51822.a(nRF5xGap.cpp.obj)
                0x000000000001dfd0                radioNotificationStaticCallback(bool)
 .text._ZN8nRF5xGap21initRadioNotificationEv
                0x000000000001e010       0x20 ym/ble-nrf51822/source/ble-nrf51822.a(nRF5xGap.cpp.obj)
                0x000000000001e010                nRF5xGap::initRadioNotification()
 .text._ZN8nRF5xGap22generateStackWhitelistER19ble_gap_whitelist_t
                0x000000000001e030       0xdc ym/ble-nrf51822/source/ble-nrf51822.a(nRF5xGap.cpp.obj)
                0x000000000001e030                nRF5xGap::generateStackWhitelist(ble_gap_whitelist_t&)
 .text._ZN8nRF5xGap16startAdvertisingERK20GapAdvertisingParams
                0x000000000001e10c       0xa8 ym/ble-nrf51822/source/ble-nrf51822.a(nRF5xGap.cpp.obj)
                0x000000000001e10c                nRF5xGap::startAdvertising(GapAdvertisingParams const&)
 .text._ZN8nRF5xGap7connectEPKhN11BLEProtocol11AddressType4TypeEPKN3Gap18ConnectionParams_tEPK17GapScanningParams
                0x000000000001e1b4      0x104 ym/ble-nrf51822/source/ble-nrf51822.a(nRF5xGap.cpp.obj)
                0x000000000001e1b4                nRF5xGap::connect(unsigned char const*, BLEProtocol::AddressType::Type, Gap::ConnectionParams_t const*, GapScanningParams const*)
 .text._ZN15nRF5xGattServer4readEtPhPt
                0x000000000001e2b8       0x18 ym/ble-nrf51822/source/ble-nrf51822.a(nRF5xGattServer.cpp.obj)
                0x000000000001e2b8                nRF5xGattServer::read(unsigned short, unsigned char*, unsigned short*)
 .text._ZN15nRF5xGattServer5writeEtPKhtb
                0x000000000001e2d0       0x1c ym/ble-nrf51822/source/ble-nrf51822.a(nRF5xGattServer.cpp.obj)
                0x000000000001e2d0                nRF5xGattServer::write(unsigned short, unsigned char const*, unsigned short, bool)
 .text._ZN15nRF5xGattServer5writeEttPKhtb
                0x000000000001e2ec       0xf0 ym/ble-nrf51822/source/ble-nrf51822.a(nRF5xGattServer.cpp.obj)
                0x000000000001e2ec                nRF5xGattServer::write(unsigned short, unsigned short, unsigned char const*, unsigned short, bool)
 .text._ZN15nRF5xGattServer10addServiceER11GattService
                0x000000000001e3dc      0x1e0 ym/ble-nrf51822/source/ble-nrf51822.a(nRF5xGattServer.cpp.obj)
                0x000000000001e3dc                nRF5xGattServer::addService(GattService&)
 .text._ZN15nRF5xGattServer5resetEv
                0x000000000001e5bc       0x50 ym/ble-nrf51822/source/ble-nrf51822.a(nRF5xGattServer.cpp.obj)
                0x000000000001e5bc                nRF5xGattServer::reset()
 .text._Z27btle_hasInitializedSecurityv
                0x000000000001e60c        0xc ym/ble-nrf51822/source/ble-nrf51822.a(btle_security.cpp.obj)
                0x000000000001e60c                btle_hasInitializedSecurity()
 .text._Z23btle_initializeSecuritybbN15SecurityManager24SecurityIOCapabilities_tEPKh
                0x000000000001e618       0xc8 ym/ble-nrf51822/source/ble-nrf51822.a(btle_security.cpp.obj)
                0x000000000001e618                btle_initializeSecurity(bool, bool, SecurityManager::SecurityIOCapabilities_t, unsigned char const*)
 .text._Z25btle_purgeAllBondingStatev
                0x000000000001e6e0       0x20 ym/ble-nrf51822/source/ble-nrf51822.a(btle_security.cpp.obj)
                0x000000000001e6e0                btle_purgeAllBondingState()
 .text._Z20btle_getLinkSecuritytPN15SecurityManager20LinkSecurityStatus_tE
                0x000000000001e700       0x54 ym/ble-nrf51822/source/ble-nrf51822.a(btle_security.cpp.obj)
                0x000000000001e700                btle_getLinkSecurity(unsigned short, SecurityManager::LinkSecurityStatus_t*)
 .text._Z20btle_setLinkSecuritytN15SecurityManager14SecurityMode_tE
                0x000000000001e754       0x4c ym/ble-nrf51822/source/ble-nrf51822.a(btle_security.cpp.obj)
                0x000000000001e754                btle_setLinkSecurity(unsigned short, SecurityManager::SecurityMode_t)
 .text._Z33btle_createWhitelistFromBondTableP19ble_gap_whitelist_t
                0x000000000001e7a0       0x2c ym/ble-nrf51822/source/ble-nrf51822.a(btle_security.cpp.obj)
                0x000000000001e7a0                btle_createWhitelistFromBondTable(ble_gap_whitelist_t*)
 .text.custom_convert_to_nordic_uuid
                0x000000000001e7cc       0xa4 ym/ble-nrf51822/source/ble-nrf51822.a(custom_helper.cpp.obj)
                0x000000000001e7cc                custom_convert_to_nordic_uuid
 .text._ZN17GapScanningParamsC2Etttb
                0x000000000001e870       0x60 ym/ble/source/ble.a(GapScanningParams.cpp.obj)
                0x000000000001e870                GapScanningParams::GapScanningParams(unsigned short, unsigned short, unsigned short, bool)
                0x000000000001e870                GapScanningParams::GapScanningParams(unsigned short, unsigned short, unsigned short, bool)
 .text.dfu_app_on_dfu_evt
                0x000000000001e8d0      0x16c ym/nrf51-sdk/source/nrf51-sdk.a(dfu_app_handler.c.obj)
                0x000000000001e8d0                dfu_app_on_dfu_evt
 .text.ble_dfu_response_send
                0x000000000001ea3c       0x64 ym/nrf51-sdk/source/nrf51-sdk.a(ble_dfu.c.obj)
                0x000000000001ea3c                ble_dfu_response_send
 .text.pstorage_flash_page_end
                0x000000000001eaa0       0x20 ym/nrf51-sdk/source/nrf51-sdk.a(pstorage.c.obj)
 .text.swap_sub_state_entry_action_run
                0x000000000001eac0       0x18 ym/nrf51-sdk/source/nrf51-sdk.a(pstorage.c.obj)
 .text.cmd_queue_element_init
                0x000000000001ead8       0x20 ym/nrf51-sdk/source/nrf51-sdk.a(pstorage.c.obj)
 .text.app_notify
                0x000000000001eaf8       0x2c ym/nrf51-sdk/source/nrf51-sdk.a(pstorage.c.obj)
 .text.is_page_erase_required
                0x000000000001eb24       0x50 ym/nrf51-sdk/source/nrf51-sdk.a(pstorage.c.obj)
 .text.swap_sub_state_err_busy_process
                0x000000000001eb74       0x18 ym/nrf51-sdk/source/nrf51-sdk.a(pstorage.c.obj)
 .text.data_to_swap_write_state_run
                0x000000000001eb8c       0x30 ym/nrf51-sdk/source/nrf51-sdk.a(pstorage.c.obj)
 .text.swap_erase_state_run
                0x000000000001ebbc       0x24 ym/nrf51-sdk/source/nrf51-sdk.a(pstorage.c.obj)
 .text.flash_api_err_code_process
                0x000000000001ebe0       0x40 ym/nrf51-sdk/source/nrf51-sdk.a(pstorage.c.obj)
 .text.store_cmd_flash_write_execute
                0x000000000001ec20       0x54 ym/nrf51-sdk/source/nrf51-sdk.a(pstorage.c.obj)
 .text.state_restore_head_entry_run
                0x000000000001ec74       0x34 ym/nrf51-sdk/source/nrf51-sdk.a(pstorage.c.obj)
 .text.state_restore_tail_entry_run
                0x000000000001eca8       0x48 ym/nrf51-sdk/source/nrf51-sdk.a(pstorage.c.obj)
 .text.state_write_data_swap_entry_run
                0x000000000001ecf0       0x2c ym/nrf51-sdk/source/nrf51-sdk.a(pstorage.c.obj)
 .text.state_data_erase_entry_run
                0x000000000001ed1c       0x14 ym/nrf51-sdk/source/nrf51-sdk.a(pstorage.c.obj)
 .text.state_entry_action_run
                0x000000000001ed30       0xc4 ym/nrf51-sdk/source/nrf51-sdk.a(pstorage.c.obj)
 .text.clear_operation_execute
                0x000000000001edf4      0x110 ym/nrf51-sdk/source/nrf51-sdk.a(pstorage.c.obj)
 .text.cmd_process
                0x000000000001ef04       0x3c ym/nrf51-sdk/source/nrf51-sdk.a(pstorage.c.obj)
 .text.cmd_queue_enqueue
                0x000000000001ef40       0x54 ym/nrf51-sdk/source/nrf51-sdk.a(pstorage.c.obj)
 .text.command_end_procedure_run
                0x000000000001ef94       0x44 ym/nrf51-sdk/source/nrf51-sdk.a(pstorage.c.obj)
 .text.clear_post_processing_run
                0x000000000001efd8       0x2c ym/nrf51-sdk/source/nrf51-sdk.a(pstorage.c.obj)
 .text.head_restore_state_run
                0x000000000001f004       0x9c ym/nrf51-sdk/source/nrf51-sdk.a(pstorage.c.obj)
 .text.tail_restore_state_run
                0x000000000001f0a0       0x1c ym/nrf51-sdk/source/nrf51-sdk.a(pstorage.c.obj)
 .text.data_page_erase_state_run
                0x000000000001f0bc       0x78 ym/nrf51-sdk/source/nrf51-sdk.a(pstorage.c.obj)
 .text.flash_operation_success_run
                0x000000000001f134       0x98 ym/nrf51-sdk/source/nrf51-sdk.a(pstorage.c.obj)
 .text.pstorage_sys_event_handler
                0x000000000001f1cc       0x68 ym/nrf51-sdk/source/nrf51-sdk.a(pstorage.c.obj)
                0x000000000001f1cc                pstorage_sys_event_handler
 .text.pstorage_init
                0x000000000001f234       0x70 ym/nrf51-sdk/source/nrf51-sdk.a(pstorage.c.obj)
                0x000000000001f234                pstorage_init
 .text.pstorage_register
                0x000000000001f2a4       0xbc ym/nrf51-sdk/source/nrf51-sdk.a(pstorage.c.obj)
                0x000000000001f2a4                pstorage_register
 .text.pstorage_block_identifier_get
                0x000000000001f360       0x4c ym/nrf51-sdk/source/nrf51-sdk.a(pstorage.c.obj)
                0x000000000001f360                pstorage_block_identifier_get
 .text.pstorage_store
                0x000000000001f3ac       0x78 ym/nrf51-sdk/source/nrf51-sdk.a(pstorage.c.obj)
                0x000000000001f3ac                pstorage_store
 .text.pstorage_update
                0x000000000001f424       0x78 ym/nrf51-sdk/source/nrf51-sdk.a(pstorage.c.obj)
                0x000000000001f424                pstorage_update
 .text.pstorage_load
                0x000000000001f49c       0x94 ym/nrf51-sdk/source/nrf51-sdk.a(pstorage.c.obj)
                0x000000000001f49c                pstorage_load
 .text.pstorage_clear
                0x000000000001f530       0x84 ym/nrf51-sdk/source/nrf51-sdk.a(pstorage.c.obj)
                0x000000000001f530                pstorage_clear
 .text.intern_softdevice_events_execute
                0x000000000001f5b4       0xa0 ym/nrf51-sdk/source/nrf51-sdk.a(softdevice_handler.c.obj)
                0x000000000001f5b4                intern_softdevice_events_execute
 .text.softdevice_handler_init
                0x000000000001f654       0x48 ym/nrf51-sdk/source/nrf51-sdk.a(softdevice_handler.c.obj)
                0x000000000001f654                softdevice_handler_init
 .text.softdevice_handler_sd_disable
                0x000000000001f69c       0x18 ym/nrf51-sdk/source/nrf51-sdk.a(softdevice_handler.c.obj)
                0x000000000001f69c                softdevice_handler_sd_disable
 .text.softdevice_ble_evt_handler_set
                0x000000000001f6b4       0x14 ym/nrf51-sdk/source/nrf51-sdk.a(softdevice_handler.c.obj)
                0x000000000001f6b4                softdevice_ble_evt_handler_set
 .text.softdevice_sys_evt_handler_set
                0x000000000001f6c8       0x14 ym/nrf51-sdk/source/nrf51-sdk.a(softdevice_handler.c.obj)
                0x000000000001f6c8                softdevice_sys_evt_handler_set
 .text.SWI2_IRQHandler
                0x000000000001f6dc       0x24 ym/nrf51-sdk/source/nrf51-sdk.a(softdevice_handler.c.obj)
                0x000000000001f6dc                SWI2_IRQHandler
 .text.gatts_context_store
                0x000000000001f700       0xc0 ym/nrf51-sdk/source/nrf51-sdk.a(device_manager_peripheral.c.obj)
 .text.device_context_store
                0x000000000001f7c0       0xb0 ym/nrf51-sdk/source/nrf51-sdk.a(device_manager_peripheral.c.obj)
 .text.gatts_context_load
                0x000000000001f870       0x34 ym/nrf51-sdk/source/nrf51-sdk.a(device_manager_peripheral.c.obj)
 .text.gatts_context_apply
                0x000000000001f8a4       0xc4 ym/nrf51-sdk/source/nrf51-sdk.a(device_manager_peripheral.c.obj)
 .text.peer_instance_init
                0x000000000001f968       0x48 ym/nrf51-sdk/source/nrf51-sdk.a(device_manager_peripheral.c.obj)
 .text.device_instance_free
                0x000000000001f9b0       0x2c ym/nrf51-sdk/source/nrf51-sdk.a(device_manager_peripheral.c.obj)
 .text.dm_pstorage_cb_handler
                0x000000000001f9dc      0x128 ym/nrf51-sdk/source/nrf51-sdk.a(device_manager_peripheral.c.obj)
 .text.dm_init  0x000000000001fb04       0xd4 ym/nrf51-sdk/source/nrf51-sdk.a(device_manager_peripheral.c.obj)
                0x000000000001fb04                dm_init
 .text.dm_register
                0x000000000001fbd8       0x70 ym/nrf51-sdk/source/nrf51-sdk.a(device_manager_peripheral.c.obj)
                0x000000000001fbd8                dm_register
 .text.dm_security_status_req
                0x000000000001fc48       0x74 ym/nrf51-sdk/source/nrf51-sdk.a(device_manager_peripheral.c.obj)
                0x000000000001fc48                dm_security_status_req
 .text.dm_whitelist_create
                0x000000000001fcbc       0xb8 ym/nrf51-sdk/source/nrf51-sdk.a(device_manager_peripheral.c.obj)
                0x000000000001fcbc                dm_whitelist_create
 .text.dm_device_delete_all
                0x000000000001fd74       0x54 ym/nrf51-sdk/source/nrf51-sdk.a(device_manager_peripheral.c.obj)
                0x000000000001fd74                dm_device_delete_all
 .text.dm_application_context_set
                0x000000000001fdc8        0x8 ym/nrf51-sdk/source/nrf51-sdk.a(device_manager_peripheral.c.obj)
                0x000000000001fdc8                dm_application_context_set
 .text.dm_peer_addr_get
                0x000000000001fdd0       0x8c ym/nrf51-sdk/source/nrf51-sdk.a(device_manager_peripheral.c.obj)
                0x000000000001fdd0                dm_peer_addr_get
 .text.dm_distributed_keys_get
                0x000000000001fe5c       0xb0 ym/nrf51-sdk/source/nrf51-sdk.a(device_manager_peripheral.c.obj)
                0x000000000001fe5c                dm_distributed_keys_get
 .text.bond_data_load
                0x000000000001ff0c       0x48 ym/nrf51-sdk/source/nrf51-sdk.a(device_manager_peripheral.c.obj)
                0x000000000001ff0c                bond_data_load
 .text.address_to_device_id
                0x000000000001ff54       0x2c ym/nrf51-sdk/source/nrf51-sdk.a(device_manager_peripheral.c.obj)
                0x000000000001ff54                address_to_device_id
 .text.dm_ble_evt_handler
                0x000000000001ff80      0x38c ym/nrf51-sdk/source/nrf51-sdk.a(device_manager_peripheral.c.obj)
                0x000000000001ff80                dm_ble_evt_handler
 .text.dm_handle_get
                0x000000000002030c       0x48 ym/nrf51-sdk/source/nrf51-sdk.a(device_manager_peripheral.c.obj)
                0x000000000002030c                dm_handle_get
 .text.SWI1_IRQHandler
                0x0000000000020354       0x20 ym/nrf51-sdk/source/nrf51-sdk.a(ble_radio_notification.c.obj)
                0x0000000000020354                SWI1_IRQHandler
 .text.ble_radio_notification_init
                0x0000000000020374       0x38 ym/nrf51-sdk/source/nrf51-sdk.a(ble_radio_notification.c.obj)
                0x0000000000020374                ble_radio_notification_init
 .text.bootloader_util_app_start
                0x00000000000203ac       0x3c ym/nrf51-sdk/source/nrf51-sdk.a(bootloader_util.c.obj)
                0x00000000000203ac                bootloader_util_app_start
 .text._ZN4mbed3I2CC2E7PinNameS1_
                0x00000000000203e8       0x30 ym/mbed-classic/existing/mbed-classic.a(I2C.cpp.obj)
                0x00000000000203e8                mbed::I2C::I2C(PinName, PinName)
                0x00000000000203e8                mbed::I2C::I2C(PinName, PinName)
 .text._ZN4mbed3I2C6aquireEv
                0x0000000000020418       0x1c ym/mbed-classic/existing/mbed-classic.a(I2C.cpp.obj)
                0x0000000000020418                mbed::I2C::aquire()
 .text._ZN4mbed11InterruptInD2Ev
                0x0000000000020434       0x18 ym/mbed-classic/existing/mbed-classic.a(InterruptIn.cpp.obj)
                0x0000000000020434                mbed::InterruptIn::~InterruptIn()
                0x0000000000020434                mbed::InterruptIn::~InterruptIn()
 .text._ZN4mbed11InterruptInC2E7PinName
                0x000000000002044c       0x48 ym/mbed-classic/existing/mbed-classic.a(InterruptIn.cpp.obj)
                0x000000000002044c                mbed::InterruptIn::InterruptIn(PinName)
                0x000000000002044c                mbed::InterruptIn::InterruptIn(PinName)
 .text._ZN4mbed9RawSerialC2E7PinNameS1_
                0x0000000000020494       0x14 ym/mbed-classic/existing/mbed-classic.a(RawSerial.cpp.obj)
                0x0000000000020494                mbed::RawSerial::RawSerial(PinName, PinName)
                0x0000000000020494                mbed::RawSerial::RawSerial(PinName, PinName)
 .text._ZN4mbed10SerialBaseC2E7PinNameS1_
                0x00000000000204a8       0x3c ym/mbed-classic/existing/mbed-classic.a(SerialBase.cpp.obj)
                0x00000000000204a8                mbed::SerialBase::SerialBase(PinName, PinName)
                0x00000000000204a8                mbed::SerialBase::SerialBase(PinName, PinName)
 .text._ZN4mbed6TickerD2Ev
                0x00000000000204e4       0x1c ym/mbed-classic/existing/mbed-classic.a(Ticker.cpp.obj)
                0x00000000000204e4                mbed::Ticker::~Ticker()
                0x00000000000204e4                mbed::Ticker::~Ticker()
 .text._ZN4mbed7TimeoutD2Ev
                0x0000000000020500       0x1c ym/mbed-classic/existing/mbed-classic.a(Timeout.cpp.obj)
                0x0000000000020500                mbed::Timeout::~Timeout()
                0x0000000000020500                mbed::Timeout::~Timeout()
 .text._ZN4mbed10TimerEventC2Ev
                0x000000000002051c       0x2c ym/mbed-classic/existing/mbed-classic.a(TimerEvent.cpp.obj)
                0x000000000002051c                mbed::TimerEvent::TimerEvent()
                0x000000000002051c                mbed::TimerEvent::TimerEvent()
 .text._ZN4mbed10TimerEventD2Ev
                0x0000000000020548       0x18 ym/mbed-classic/existing/mbed-classic.a(TimerEvent.cpp.obj)
                0x0000000000020548                mbed::TimerEvent::~TimerEvent()
                0x0000000000020548                mbed::TimerEvent::~TimerEvent()
 .text.get_us_ticker_data
                0x0000000000020560        0x8 ym/mbed-classic/existing/mbed-classic.a(us_ticker_api.c.obj)
                0x0000000000020560                get_us_ticker_data
 .text.us_ticker_irq_handler
                0x0000000000020568       0x10 ym/mbed-classic/existing/mbed-classic.a(us_ticker_api.c.obj)
                0x0000000000020568                us_ticker_irq_handler
 .text          0x0000000000020578       0x48 ym/mbed-classic/existing/mbed-classic.a(startup_NRF51822.S.obj)
                0x0000000000020578                Reset_Handler
                0x00000000000205b4                NMI_Handler
                0x00000000000205b6                HardFault_Handler
                0x00000000000205b8                SVC_Handler
                0x00000000000205ba                PendSV_Handler
                0x00000000000205bc                SysTick_Handler
                0x00000000000205be                SPI0_TWI0_IRQHandler
                0x00000000000205be                RTC0_IRQHandler
                0x00000000000205be                POWER_CLOCK_IRQHandler
                0x00000000000205be                LPCOMP_IRQHandler
                0x00000000000205be                SWI4_IRQHandler
                0x00000000000205be                TEMP_IRQHandler
                0x00000000000205be                QDEC_IRQHandler
                0x00000000000205be                SWI5_IRQHandler
                0x00000000000205be                TIMER0_IRQHandler
                0x00000000000205be                SWI0_IRQHandler
                0x00000000000205be                ECB_IRQHandler
                0x00000000000205be                Default_Handler
                0x00000000000205be                ADC_IRQHandler
                0x00000000000205be                SWI3_IRQHandler
                0x00000000000205be                CCM_AAR_IRQHandler
                0x00000000000205be                WDT_IRQHandler
                0x00000000000205be                RNG_IRQHandler
                0x00000000000205be                SPI1_TWI1_IRQHandler
                0x00000000000205be                RTC1_IRQHandler
 .text.gpio_init
                0x00000000000205c0       0x30 ym/mbed-classic/existing/mbed-classic.a(gpio_api.c.obj)
                0x00000000000205c0                gpio_init
 .text.GPIOTE_IRQHandler
                0x00000000000205f0       0xf4 ym/mbed-classic/existing/mbed-classic.a(gpio_irq_api.c.obj)
                0x00000000000205f0                GPIOTE_IRQHandler
 .text.gpio_irq_init
                0x00000000000206e4       0x60 ym/mbed-classic/existing/mbed-classic.a(gpio_irq_api.c.obj)
                0x00000000000206e4                gpio_irq_init
 .text.gpio_irq_free
                0x0000000000020744       0x10 ym/mbed-classic/existing/mbed-classic.a(gpio_irq_api.c.obj)
                0x0000000000020744                gpio_irq_free
 .text.gpio_irq_set
                0x0000000000020754       0x9c ym/mbed-classic/existing/mbed-classic.a(gpio_irq_api.c.obj)
                0x0000000000020754                gpio_irq_set
 .text.i2c_do_write
                0x00000000000207f0       0x28 ym/mbed-classic/existing/mbed-classic.a(i2c_api.c.obj)
                0x00000000000207f0                i2c_do_write
 .text.i2c_do_read
                0x0000000000020818       0x3c ym/mbed-classic/existing/mbed-classic.a(i2c_api.c.obj)
                0x0000000000020818                i2c_do_read
 .text.i2c_frequency
                0x0000000000020854       0x48 ym/mbed-classic/existing/mbed-classic.a(i2c_api.c.obj)
                0x0000000000020854                i2c_frequency
 .text.twi_master_init
                0x000000000002089c       0x48 ym/mbed-classic/existing/mbed-classic.a(i2c_api.c.obj)
                0x000000000002089c                twi_master_init
 .text.i2c_init
                0x00000000000208e4       0xc4 ym/mbed-classic/existing/mbed-classic.a(i2c_api.c.obj)
                0x00000000000208e4                i2c_init
 .text.i2c_reset
                0x00000000000209a8       0x30 ym/mbed-classic/existing/mbed-classic.a(i2c_api.c.obj)
                0x00000000000209a8                i2c_reset
 .text.i2c_stop
                0x00000000000209d8       0x34 ym/mbed-classic/existing/mbed-classic.a(i2c_api.c.obj)
                0x00000000000209d8                i2c_stop
 .text.checkError
                0x0000000000020a0c       0x28 ym/mbed-classic/existing/mbed-classic.a(i2c_api.c.obj)
                0x0000000000020a0c                checkError
 .text.port_init
                0x0000000000020a34       0x28 ym/mbed-classic/existing/mbed-classic.a(port_api.c.obj)
                0x0000000000020a34                port_init
 .text.pwm_disconnect
                0x0000000000020a5c       0x60 ym/mbed-classic/existing/mbed-classic.a(pwmout_api.c.obj)
 .text.TIMER2_IRQHandler
                0x0000000000020abc       0x68 ym/mbed-classic/existing/mbed-classic.a(pwmout_api.c.obj)
                0x0000000000020abc                TIMER2_IRQHandler
 .text.serial_baud.part.0
                0x0000000000020b24       0x38 ym/mbed-classic/existing/mbed-classic.a(serial_api.c.obj)
 .text.serial_init
                0x0000000000020b5c       0xb8 ym/mbed-classic/existing/mbed-classic.a(serial_api.c.obj)
                0x0000000000020b5c                serial_init
 .text.serial_baud
                0x0000000000020c14       0x20 ym/mbed-classic/existing/mbed-classic.a(serial_api.c.obj)
                0x0000000000020c14                serial_baud
 .text.UART0_IRQHandler
                0x0000000000020c34       0x4c ym/mbed-classic/existing/mbed-classic.a(serial_api.c.obj)
                0x0000000000020c34                UART0_IRQHandler
 .text.serial_irq_handler
                0x0000000000020c80       0x18 ym/mbed-classic/existing/mbed-classic.a(serial_api.c.obj)
                0x0000000000020c80                serial_irq_handler
 .text.serial_irq_set
                0x0000000000020c98       0x88 ym/mbed-classic/existing/mbed-classic.a(serial_api.c.obj)
                0x0000000000020c98                serial_irq_set
 .text.serial_putc
                0x0000000000020d20       0x1c ym/mbed-classic/existing/mbed-classic.a(serial_api.c.obj)
                0x0000000000020d20                serial_putc
 .text.twi_master_clear_bus
                0x0000000000020d3c       0xb0 ym/mbed-classic/existing/mbed-classic.a(twi_master.c.obj)
 .text.twi_master_init_and_clear
                0x0000000000020dec       0x74 ym/mbed-classic/existing/mbed-classic.a(twi_master.c.obj)
                0x0000000000020dec                twi_master_init_and_clear
 .text.tmr1_getCounter64
                0x0000000000020e60       0x50 ym/mbed-classic/existing/mbed-classic.a(us_ticker.c.obj)
 .text.TIMER1_IRQHandler
                0x0000000000020eb0       0x50 ym/mbed-classic/existing/mbed-classic.a(us_ticker.c.obj)
                0x0000000000020eb0                TIMER1_IRQHandler
 .text.us_ticker_init
                0x0000000000020f00       0x8c ym/mbed-classic/existing/mbed-classic.a(us_ticker.c.obj)
                0x0000000000020f00                us_ticker_init
 .text.us_ticker_read
                0x0000000000020f8c       0x18 ym/mbed-classic/existing/mbed-classic.a(us_ticker.c.obj)
                0x0000000000020f8c                us_ticker_read
 .text.us_ticker_set_interrupt
                0x0000000000020fa4       0x54 ym/mbed-classic/existing/mbed-classic.a(us_ticker.c.obj)
                0x0000000000020fa4                us_ticker_set_interrupt
 .text.SystemInit
                0x0000000000020ff8       0xac ym/mbed-classic/existing/mbed-classic.a(system_nrf51.c.obj)
                0x0000000000020ff8                SystemInit
 .text._ZSt15get_new_handlerv
                0x00000000000210a4        0xc /usr/lib/gcc/arm-none-eabi/10.3.1/../../../arm-none-eabi/lib/thumb/v6-m/nofp/libstdc++_nano.a(new_handler.o)
                0x00000000000210a4                std::get_new_handler()
 .text          0x00000000000210b0       0x14 /usr/lib/gcc/arm-none-eabi/10.3.1/thumb/v6-m/nofp/libgcc.a(_thumb1_case_uqi.o)
                0x00000000000210b0                __gnu_thumb1_case_uqi
 .text          0x00000000000210c4       0x14 /usr/lib/gcc/arm-none-eabi/10.3.1/thumb/v6-m/nofp/libgcc.a(_thumb1_case_uhi.o)
                0x00000000000210c4                __gnu_thumb1_case_uhi
 .text          0x00000000000210d8      0x114 /usr/lib/gcc/arm-none-eabi/10.3.1/thumb/v6-m/nofp/libgcc.a(_udivsi3.o)
                0x00000000000210d8                __udivsi3
                0x00000000000210d8                __aeabi_uidiv
                0x00000000000211e4                __aeabi_uidivmod
 .text          0x00000000000211ec      0x1d4 /usr/lib/gcc/arm-none-eabi/10.3.1/thumb/v6-m/nofp/libgcc.a(_divsi3.o)
                0x00000000000211ec                __aeabi_idiv
                0x00000000000211ec                __divsi3
                0x00000000000213b8                __aeabi_idivmod
 .text          0x00000000000213c0        0x4 /usr/lib/gcc/arm-none-eabi/10.3.1/thumb/v6-m/nofp/libgcc.a(_dvmd_tls.o)
                0x00000000000213c0                __aeabi_ldiv0
                0x00000000000213c0                __aeabi_idiv0
 .text          0x00000000000213c4       0x74 /usr/lib/gcc/arm-none-eabi/10.3.1/thumb/v6-m/nofp/libgcc.a(_arm_cmpsf2.o)
                0x00000000000213c4                __aeabi_cfrcmple
                0x00000000000213cc                __aeabi_cfcmple
                0x00000000000213cc                __aeabi_cfcmpeq
                0x00000000000213dc                __aeabi_fcmpeq
                0x00000000000213e8                __aeabi_fcmplt
                0x00000000000213fc                __aeabi_fcmple
                0x0000000000021410                __aeabi_fcmpgt